Jun  3 20:47:55 ip-172-31-44-201 systemd-fsck[183]: cloudimg-rootfs: clean, 73669/1032192 files, 487277/2068731 blocks
Jun  3 20:47:55 ip-172-31-44-201 systemd[1]: Mounted Huge Pages File System.
Jun  3 20:47:55 ip-172-31-44-201 systemd[1]: Mounted POSIX Message Queue File System.
Jun  3 20:47:55 ip-172-31-44-201 systemd[1]: Mounted Kernel Debug File System.
Jun  3 20:47:55 ip-172-31-44-201 systemd[1]: Mounted Kernel Trace File System.
Jun  3 20:47:55 ip-172-31-44-201 systemd[1]: Finished Set the console keyboard layout.
Jun  3 20:47:55 ip-172-31-44-201 systemd[1]: Finished Create List of Static Device Nodes.
Jun  3 20:47:55 ip-172-31-44-201 systemd[1]: modprobe@chromeos_pstore.service: Deactivated successfully.
Jun  3 20:47:55 ip-172-31-44-201 systemd[1]: Finished Load Kernel Module chromeos_pstore.
Jun  3 20:47:55 ip-172-31-44-201 systemd[1]: modprobe@configfs.service: Deactivated successfully.
Jun  3 20:47:55 ip-172-31-44-201 systemd[1]: Finished Load Kernel Module configfs.
Jun  3 20:47:55 ip-172-31-44-201 systemd[1]: modprobe@drm.service: Deactivated successfully.
Jun  3 20:47:55 ip-172-31-44-201 systemd[1]: Finished Load Kernel Module drm.
Jun  3 20:47:55 ip-172-31-44-201 systemd[1]: modprobe@efi_pstore.service: Deactivated successfully.
Jun  3 20:47:55 ip-172-31-44-201 systemd[1]: Finished Load Kernel Module efi_pstore.
Jun  3 20:47:55 ip-172-31-44-201 systemd[1]: modprobe@fuse.service: Deactivated successfully.
Jun  3 20:47:55 ip-172-31-44-201 systemd[1]: Finished Load Kernel Module fuse.
Jun  3 20:47:55 ip-172-31-44-201 systemd[1]: modprobe@pstore_blk.service: Deactivated successfully.
Jun  3 20:47:55 ip-172-31-44-201 systemd[1]: Finished Load Kernel Module pstore_blk.
Jun  3 20:47:55 ip-172-31-44-201 systemd[1]: modprobe@pstore_zone.service: Deactivated successfully.
Jun  3 20:47:55 ip-172-31-44-201 systemd[1]: Finished Load Kernel Module pstore_zone.
Jun  3 20:47:55 ip-172-31-44-201 systemd[1]: modprobe@ramoops.service: Deactivated successfully.
Jun  3 20:47:55 ip-172-31-44-201 systemd[1]: Finished Load Kernel Module ramoops.
Jun  3 20:47:55 ip-172-31-44-201 systemd[1]: Finished File System Check on Root Device.
Jun  3 20:47:55 ip-172-31-44-201 systemd[1]: Finished Load Kernel Modules.
Jun  3 20:47:55 ip-172-31-44-201 systemd[1]: Mounting FUSE Control File System...
Jun  3 20:47:55 ip-172-31-44-201 systemd[1]: Mounting Kernel Configuration File System...
Jun  3 20:47:55 ip-172-31-44-201 systemd[1]: Started File System Check Daemon to report status.
Jun  3 20:47:55 ip-172-31-44-201 systemd[1]: Starting Remount Root and Kernel File Systems...
Jun  3 20:47:55 ip-172-31-44-201 systemd[1]: Starting Apply Kernel Variables...
Jun  3 20:47:55 ip-172-31-44-201 systemd[1]: Mounted FUSE Control File System.
Jun  3 20:47:55 ip-172-31-44-201 systemd[1]: Mounted Kernel Configuration File System.
Jun  3 20:47:55 ip-172-31-44-201 systemd[1]: Finished Remount Root and Kernel File Systems.
Jun  3 20:47:55 ip-172-31-44-201 systemd[1]: Finished Coldplug All udev Devices.
Jun  3 20:47:55 ip-172-31-44-201 systemd[1]: Finished Apply Kernel Variables.
Jun  3 20:47:55 ip-172-31-44-201 systemd[1]: Starting Device-Mapper Multipath Device Controller...
Jun  3 20:47:55 ip-172-31-44-201 systemd[1]: Starting Flush Journal to Persistent Storage...
Jun  3 20:47:55 ip-172-31-44-201 systemd[1]: Condition check resulted in Platform Persistent Storage Archival being skipped.
Jun  3 20:47:55 ip-172-31-44-201 systemd[1]: Starting Load/Save Random Seed...
Jun  3 20:47:55 ip-172-31-44-201 systemd[1]: Starting Create System Users...
Jun  3 20:47:55 ip-172-31-44-201 systemd[1]: Finished Load/Save Random Seed.
Jun  3 20:47:55 ip-172-31-44-201 systemd[1]: Finished Create System Users.
Jun  3 20:47:55 ip-172-31-44-201 systemd[1]: Finished Flush Journal to Persistent Storage.
Jun  3 20:47:55 ip-172-31-44-201 systemd[1]: Condition check resulted in First Boot Complete being skipped.
Jun  3 20:47:55 ip-172-31-44-201 systemd[1]: Starting Create Static Device Nodes in /dev...
Jun  3 20:47:55 ip-172-31-44-201 multipathd[204]: --------start up--------
Jun  3 20:47:55 ip-172-31-44-201 multipathd[204]: read /etc/multipath.conf
Jun  3 20:47:55 ip-172-31-44-201 multipathd[204]: path checkers start up
Jun  3 20:47:55 ip-172-31-44-201 systemd[1]: Started Device-Mapper Multipath Device Controller.
Jun  3 20:47:55 ip-172-31-44-201 systemd[1]: Finished Create Static Device Nodes in /dev.
Jun  3 20:47:55 ip-172-31-44-201 systemd[1]: Starting Rule-based Manager for Device Events and Files...
Jun  3 20:47:55 ip-172-31-44-201 systemd[1]: Started Rule-based Manager for Device Events and Files.
Jun  3 20:47:55 ip-172-31-44-201 systemd[1]: Condition check resulted in Show Plymouth Boot Screen being skipped.
Jun  3 20:47:55 ip-172-31-44-201 systemd[1]: Started Dispatch Password Requests to Console Directory Watch.
Jun  3 20:47:55 ip-172-31-44-201 systemd[1]: Condition check resulted in Forward Password Requests to Plymouth Directory Watch being skipped.
Jun  3 20:47:55 ip-172-31-44-201 systemd[1]: Reached target Local Encrypted Volumes.
Jun  3 20:47:55 ip-172-31-44-201 systemd[1]: Found device /dev/ttyS0.
Jun  3 20:47:55 ip-172-31-44-201 systemd-udevd[220]: Using default interface naming scheme 'v249'.
Jun  3 20:47:55 ip-172-31-44-201 systemd[1]: Listening on Load/Save RF Kill Switch Status /dev/rfkill Watch.
Jun  3 20:47:55 ip-172-31-44-201 systemd-udevd[215]: xvda: Process '/usr/bin/unshare -m /usr/bin/snap auto-import --mount=/dev/xvda' failed with exit code 1.
Jun  3 20:47:55 ip-172-31-44-201 systemd-udevd[220]: xvda14: Process '/usr/bin/unshare -m /usr/bin/snap auto-import --mount=/dev/xvda14' failed with exit code 1.
Jun  3 20:47:55 ip-172-31-44-201 systemd-udevd[223]: xvda15: Process '/usr/bin/unshare -m /usr/bin/snap auto-import --mount=/dev/xvda15' failed with exit code 1.
Jun  3 20:47:55 ip-172-31-44-201 systemd[1]: Found device /dev/disk/by-label/UEFI.
Jun  3 20:47:55 ip-172-31-44-201 systemd-udevd[215]: xvda1: Process '/usr/bin/unshare -m /usr/bin/snap auto-import --mount=/dev/xvda1' failed with exit code 1.
Jun  3 20:47:55 ip-172-31-44-201 systemd[1]: Finished Monitoring of LVM2 mirrors, snapshots etc. using dmeventd or progress polling.
Jun  3 20:47:55 ip-172-31-44-201 systemd[1]: Reached target Preparation for Local File Systems.
Jun  3 20:47:55 ip-172-31-44-201 systemd[1]: Mounting Mount unit for amazon-ssm-agent, revision 6312...
Jun  3 20:47:55 ip-172-31-44-201 systemd[1]: Mounting Mount unit for core18, revision 2745...
Jun  3 20:47:55 ip-172-31-44-201 systemd[1]: Mounting Mount unit for core20, revision 1879...
Jun  3 20:47:55 ip-172-31-44-201 systemd[1]: Mounting Mount unit for lxd, revision 24322...
Jun  3 20:47:55 ip-172-31-44-201 systemd[1]: Mounting Mount unit for snapd, revision 19122...
Jun  3 20:47:55 ip-172-31-44-201 systemd[1]: Starting File System Check on /dev/disk/by-label/UEFI...
Jun  3 20:47:55 ip-172-31-44-201 systemd[1]: Mounted Mount unit for amazon-ssm-agent, revision 6312.
Jun  3 20:47:55 ip-172-31-44-201 systemd[1]: Mounted Mount unit for core18, revision 2745.
Jun  3 20:47:55 ip-172-31-44-201 systemd[1]: Mounted Mount unit for core20, revision 1879.
Jun  3 20:47:55 ip-172-31-44-201 systemd[1]: Mounted Mount unit for lxd, revision 24322.
Jun  3 20:47:55 ip-172-31-44-201 systemd[1]: Mounted Mount unit for snapd, revision 19122.
Jun  3 20:47:55 ip-172-31-44-201 systemd[1]: Reached target Mounted snaps.
Jun  3 20:47:55 ip-172-31-44-201 systemd-fsck[289]: fsck.fat 4.2 (2021-01-31)
Jun  3 20:47:55 ip-172-31-44-201 systemd-fsck[289]: /dev/xvda15: 12 files, 12363/213716 clusters
Jun  3 20:47:55 ip-172-31-44-201 systemd[1]: Finished File System Check on /dev/disk/by-label/UEFI.
Jun  3 20:47:55 ip-172-31-44-201 systemd[1]: Mounting /boot/efi...
Jun  3 20:47:55 ip-172-31-44-201 systemd[1]: Mounted /boot/efi.
Jun  3 20:47:55 ip-172-31-44-201 systemd[1]: Reached target Local File Systems.
Jun  3 20:47:55 ip-172-31-44-201 systemd[1]: Starting Load AppArmor profiles...
Jun  3 20:47:55 ip-172-31-44-201 systemd[1]: Starting Set console font and keymap...
Jun  3 20:47:55 ip-172-31-44-201 apparmor.systemd[293]: Restarting AppArmor
Jun  3 20:47:55 ip-172-31-44-201 apparmor.systemd[293]: Reloading AppArmor profiles
Jun  3 20:47:55 ip-172-31-44-201 systemd[1]: Starting Create final runtime dir for shutdown pivot root...
Jun  3 20:47:55 ip-172-31-44-201 systemd[1]: Starting Tell Plymouth To Write Out Runtime Data...
Jun  3 20:47:55 ip-172-31-44-201 systemd[1]: Condition check resulted in Set Up Additional Binary Formats being skipped.
Jun  3 20:47:55 ip-172-31-44-201 systemd[1]: Condition check resulted in Store a System Token in an EFI Variable being skipped.
Jun  3 20:47:55 ip-172-31-44-201 systemd[1]: Starting Commit a transient machine-id on disk...
Jun  3 20:47:55 ip-172-31-44-201 systemd[1]: Starting Create Volatile Files and Directories...
Jun  3 20:47:55 ip-172-31-44-201 systemd[1]: Starting Uncomplicated firewall...
Jun  3 20:47:55 ip-172-31-44-201 systemd[1]: Finished Set console font and keymap.
Jun  3 20:47:55 ip-172-31-44-201 systemd[1]: Finished Create final runtime dir for shutdown pivot root.
Jun  3 20:47:55 ip-172-31-44-201 systemd[1]: Finished Tell Plymouth To Write Out Runtime Data.
Jun  3 20:47:55 ip-172-31-44-201 systemd[1]: Finished Create Volatile Files and Directories.
Jun  3 20:47:55 ip-172-31-44-201 systemd[1]: Finished Uncomplicated firewall.
Jun  3 20:47:55 ip-172-31-44-201 systemd[1]: Starting Record System Boot/Shutdown in UTMP...
Jun  3 20:47:55 ip-172-31-44-201 systemd[1]: Finished Record System Boot/Shutdown in UTMP.
Jun  3 20:47:55 ip-172-31-44-201 systemd[1]: etc-machine\x2did.mount: Deactivated successfully.
Jun  3 20:47:55 ip-172-31-44-201 systemd[1]: Finished Commit a transient machine-id on disk.
Jun  3 20:47:55 ip-172-31-44-201 apparmor.systemd[317]: Skipping profile in /etc/apparmor.d/disable: usr.sbin.rsyslogd
Jun  3 20:47:55 ip-172-31-44-201 systemd[1]: Finished Load AppArmor profiles.
Jun  3 20:47:55 ip-172-31-44-201 systemd[1]: Starting Load AppArmor profiles managed internally by snapd...
Jun  3 20:47:55 ip-172-31-44-201 systemd[1]: Condition check resulted in Authentication service for virtual machines hosted on VMware being skipped.
Jun  3 20:47:55 ip-172-31-44-201 systemd[1]: Condition check resulted in Service for virtual machines hosted on VMware being skipped.
Jun  3 20:47:55 ip-172-31-44-201 systemd[1]: Starting Initial cloud-init job (pre-networking)...
Jun  3 20:47:55 ip-172-31-44-201 systemd[1]: proc-sys-fs-binfmt_misc.automount: Got automount request for /proc/sys/fs/binfmt_misc, triggered by 318 (snapd-apparmor)
Jun  3 20:47:55 ip-172-31-44-201 systemd[1]: Mounting Arbitrary Executable File Formats File System...
Jun  3 20:47:55 ip-172-31-44-201 systemd[1]: Mounted Arbitrary Executable File Formats File System.
Jun  3 20:47:55 ip-172-31-44-201 snapd-apparmor[318]: main.go:124: Loading profiles [/var/lib/snapd/apparmor/profiles/snap-confine.snapd.19122 /var/lib/snapd/apparmor/profiles/snap-update-ns.amazon-ssm-agent /var/lib/snapd/apparmor/profiles/snap-update-ns.lxd /var/lib/snapd/apparmor/profiles/snap.amazon-ssm-agent.amazon-ssm-agent /var/lib/snapd/apparmor/profiles/snap.amazon-ssm-agent.ssm-cli /var/lib/snapd/apparmor/profiles/snap.lxd.activate /var/lib/snapd/apparmor/profiles/snap.lxd.benchmark /var/lib/snapd/apparmor/profiles/snap.lxd.buginfo /var/lib/snapd/apparmor/profiles/snap.lxd.check-kernel /var/lib/snapd/apparmor/profiles/snap.lxd.daemon /var/lib/snapd/apparmor/profiles/snap.lxd.hook.configure /var/lib/snapd/apparmor/profiles/snap.lxd.hook.install /var/lib/snapd/apparmor/profiles/snap.lxd.hook.remove /var/lib/snapd/apparmor/profiles/snap.lxd.lxc /var/lib/snapd/apparmor/profiles/snap.lxd.lxc-to-lxd /var/lib/snapd/apparmor/profiles/snap.lxd.lxd /var/lib/snapd/apparmor/profiles/snap.lxd.migrate /var/lib/snapd/apparmor/profiles/snap.lxd.user-daemon]
Jun  3 20:47:55 ip-172-31-44-201 cloud-init[336]: Cloud-init v. 23.1.2-0ubuntu0~22.04.1 running 'init-local' at Sat, 03 Jun 2023 20:47:49 +0000. Up 6.77 seconds.
Jun  3 20:47:55 ip-172-31-44-201 dhclient[340]: Internet Systems Consortium DHCP Client 4.4.1
Jun  3 20:47:55 ip-172-31-44-201 dhclient[340]: Copyright 2004-2018 Internet Systems Consortium.
Jun  3 20:47:55 ip-172-31-44-201 dhclient[340]: All rights reserved.
Jun  3 20:47:55 ip-172-31-44-201 dhclient[340]: For info, please visit https://www.isc.org/software/dhcp/
Jun  3 20:47:55 ip-172-31-44-201 dhclient[340]: 
Jun  3 20:47:55 ip-172-31-44-201 dhclient[344]: execve (/bin/true, ...): Permission denied
Jun  3 20:47:55 ip-172-31-44-201 dhclient[340]: Listening on LPF/eth0/02:c6:83:dd:37:2e
Jun  3 20:47:55 ip-172-31-44-201 dhclient[340]: Sending on   LPF/eth0/02:c6:83:dd:37:2e
Jun  3 20:47:55 ip-172-31-44-201 dhclient[340]: Sending on   Socket/fallback
Jun  3 20:47:55 ip-172-31-44-201 dhclient[340]: DHCPDISCOVER on eth0 to 255.255.255.255 port 67 interval 3 (xid=0xb65bbe50)
Jun  3 20:47:55 ip-172-31-44-201 dhclient[340]: DHCPOFFER of 172.31.44.201 from 172.31.32.1
Jun  3 20:47:55 ip-172-31-44-201 dhclient[340]: DHCPREQUEST for 172.31.44.201 on eth0 to 255.255.255.255 port 67 (xid=0x50be5bb6)
Jun  3 20:47:55 ip-172-31-44-201 dhclient[340]: DHCPACK of 172.31.44.201 from 172.31.32.1 (xid=0xb65bbe50)
Jun  3 20:47:55 ip-172-31-44-201 dhclient[345]: execve (/bin/true, ...): Permission denied
Jun  3 20:47:55 ip-172-31-44-201 dhclient[340]: bound to 172.31.44.201 -- renewal in 1450 seconds.
Jun  3 20:47:55 ip-172-31-44-201 systemd[1]: Condition check resulted in OpenVSwitch configuration for cleanup being skipped.
Jun  3 20:47:55 ip-172-31-44-201 systemd[1]: Finished Initial cloud-init job (pre-networking).
Jun  3 20:47:55 ip-172-31-44-201 systemd[1]: Reached target Preparation for Network.
Jun  3 20:47:55 ip-172-31-44-201 systemd[1]: Starting Network Configuration...
Jun  3 20:47:55 ip-172-31-44-201 systemd-networkd[379]: lo: Link UP
Jun  3 20:47:55 ip-172-31-44-201 systemd-networkd[379]: lo: Gained carrier
Jun  3 20:47:55 ip-172-31-44-201 systemd-networkd[379]: Enumeration completed
Jun  3 20:47:55 ip-172-31-44-201 systemd[1]: Started Network Configuration.
Jun  3 20:47:55 ip-172-31-44-201 systemd-networkd[379]: eth0: Link UP
Jun  3 20:47:55 ip-172-31-44-201 systemd-networkd[379]: eth0: Gained carrier
Jun  3 20:47:55 ip-172-31-44-201 systemd-networkd[379]: eth0: Link DOWN
Jun  3 20:47:55 ip-172-31-44-201 systemd-networkd[379]: eth0: Lost carrier
Jun  3 20:47:55 ip-172-31-44-201 systemd-networkd[379]: eth0: found matching network '/run/systemd/network/10-netplan-eth0.network', based on potentially unpredictable interface name.
Jun  3 20:47:55 ip-172-31-44-201 systemd-networkd[379]: eth0: Link UP
Jun  3 20:47:55 ip-172-31-44-201 systemd-networkd[379]: eth0: Gained carrier
Jun  3 20:47:55 ip-172-31-44-201 systemd-networkd[379]: eth0: DHCPv4 address 172.31.44.201/20 via 172.31.32.1
Jun  3 20:47:55 ip-172-31-44-201 systemd[1]: Starting Wait for Network to be Configured...
Jun  3 20:47:55 ip-172-31-44-201 systemd[1]: Starting Network Name Resolution...
Jun  3 20:47:55 ip-172-31-44-201 systemd-resolved[381]: Positive Trust Anchors:
Jun  3 20:47:55 ip-172-31-44-201 systemd-resolved[381]: . IN DS 20326 8 2 e06d44b80b8f1d39a95c0b0d7c65d08458e880409bbc683457104237c7f8ec8d
Jun  3 20:47:55 ip-172-31-44-201 systemd-resolved[381]: Negative trust anchors: home.arpa 10.in-addr.arpa 16.172.in-addr.arpa 17.172.in-addr.arpa 18.172.in-addr.arpa 19.172.in-addr.arpa 20.172.in-addr.arpa 21.172.in-addr.arpa 22.172.in-addr.arpa 23.172.in-addr.arpa 24.172.in-addr.arpa 25.172.in-addr.arpa 26.172.in-addr.arpa 27.172.in-addr.arpa 28.172.in-addr.arpa 29.172.in-addr.arpa 30.172.in-addr.arpa 31.172.in-addr.arpa 168.192.in-addr.arpa d.f.ip6.arpa corp home internal intranet lan local private test
Jun  3 20:47:55 ip-172-31-44-201 systemd-resolved[381]: Using system hostname 'ip-172-31-44-201'.
Jun  3 20:47:55 ip-172-31-44-201 systemd[1]: Started Network Name Resolution.
Jun  3 20:47:55 ip-172-31-44-201 systemd[1]: Reached target Network.
Jun  3 20:47:55 ip-172-31-44-201 systemd[1]: Reached target Host and Network Name Lookups.
Jun  3 20:47:55 ip-172-31-44-201 systemd-networkd[379]: eth0: Gained IPv6LL
Jun  3 20:47:55 ip-172-31-44-201 systemd-networkd-wait-online[380]: managing: eth0
Jun  3 20:47:55 ip-172-31-44-201 systemd[1]: Finished Wait for Network to be Configured.
Jun  3 20:47:55 ip-172-31-44-201 systemd[1]: Starting Initial cloud-init job (metadata service crawler)...
Jun  3 20:47:55 ip-172-31-44-201 cloud-init[396]: Cloud-init v. 23.1.2-0ubuntu0~22.04.1 running 'init' at Sat, 03 Jun 2023 20:47:52 +0000. Up 9.91 seconds.
Jun  3 20:47:55 ip-172-31-44-201 cloud-init[396]: ci-info: ++++++++++++++++++++++++++++++++++++++Net device info++++++++++++++++++++++++++++++++++++++
Jun  3 20:47:55 ip-172-31-44-201 cloud-init[396]: ci-info: +--------+------+----------------------------+---------------+--------+-------------------+
Jun  3 20:47:55 ip-172-31-44-201 cloud-init[396]: ci-info: | Device |  Up  |          Address           |      Mask     | Scope  |     Hw-Address    |
Jun  3 20:47:55 ip-172-31-44-201 cloud-init[396]: ci-info: +--------+------+----------------------------+---------------+--------+-------------------+
Jun  3 20:47:55 ip-172-31-44-201 cloud-init[396]: ci-info: |  eth0  | True |       172.31.44.201        | 255.255.240.0 | global | 02:c6:83:dd:37:2e |
Jun  3 20:47:55 ip-172-31-44-201 cloud-init[396]: ci-info: |  eth0  | True | fe80::c6:83ff:fedd:372e/64 |       .       |  link  | 02:c6:83:dd:37:2e |
Jun  3 20:47:55 ip-172-31-44-201 cloud-init[396]: ci-info: |   lo   | True |         127.0.0.1          |   255.0.0.0   |  host  |         .         |
Jun  3 20:47:55 ip-172-31-44-201 cloud-init[396]: ci-info: |   lo   | True |          ::1/128           |       .       |  host  |         .         |
Jun  3 20:47:55 ip-172-31-44-201 cloud-init[396]: ci-info: +--------+------+----------------------------+---------------+--------+-------------------+
Jun  3 20:47:55 ip-172-31-44-201 cloud-init[396]: ci-info: ++++++++++++++++++++++++++++++Route IPv4 info++++++++++++++++++++++++++++++
Jun  3 20:47:55 ip-172-31-44-201 cloud-init[396]: ci-info: +-------+-------------+-------------+-----------------+-----------+-------+
Jun  3 20:47:55 ip-172-31-44-201 cloud-init[396]: ci-info: | Route | Destination |   Gateway   |     Genmask     | Interface | Flags |
Jun  3 20:47:55 ip-172-31-44-201 cloud-init[396]: ci-info: +-------+-------------+-------------+-----------------+-----------+-------+
Jun  3 20:47:55 ip-172-31-44-201 cloud-init[396]: ci-info: |   0   |   0.0.0.0   | 172.31.32.1 |     0.0.0.0     |    eth0   |   UG  |
Jun  3 20:47:55 ip-172-31-44-201 cloud-init[396]: ci-info: |   1   |  172.31.0.2 | 172.31.32.1 | 255.255.255.255 |    eth0   |  UGH  |
Jun  3 20:47:55 ip-172-31-44-201 cloud-init[396]: ci-info: |   2   | 172.31.32.0 |   0.0.0.0   |  255.255.240.0  |    eth0   |   U   |
Jun  3 20:47:55 ip-172-31-44-201 cloud-init[396]: ci-info: |   3   | 172.31.32.1 |   0.0.0.0   | 255.255.255.255 |    eth0   |   UH  |
Jun  3 20:47:55 ip-172-31-44-201 cloud-init[396]: ci-info: +-------+-------------+-------------+-----------------+-----------+-------+
Jun  3 20:47:55 ip-172-31-44-201 cloud-init[396]: ci-info: +++++++++++++++++++Route IPv6 info+++++++++++++++++++
Jun  3 20:47:55 ip-172-31-44-201 cloud-init[396]: ci-info: +-------+-------------+---------+-----------+-------+
Jun  3 20:47:55 ip-172-31-44-201 cloud-init[396]: ci-info: | Route | Destination | Gateway | Interface | Flags |
Jun  3 20:47:55 ip-172-31-44-201 cloud-init[396]: ci-info: +-------+-------------+---------+-----------+-------+
Jun  3 20:47:55 ip-172-31-44-201 cloud-init[396]: ci-info: |   1   |  fe80::/64  |    ::   |    eth0   |   U   |
Jun  3 20:47:55 ip-172-31-44-201 cloud-init[396]: ci-info: |   3   |    local    |    ::   |    eth0   |   U   |
Jun  3 20:47:55 ip-172-31-44-201 cloud-init[396]: ci-info: |   4   |  multicast  |    ::   |    eth0   |   U   |
Jun  3 20:47:55 ip-172-31-44-201 cloud-init[396]: ci-info: +-------+-------------+---------+-----------+-------+
Jun  3 20:47:55 ip-172-31-44-201 systemd[1]: Finished Load AppArmor profiles managed internally by snapd.
Jun  3 20:47:55 ip-172-31-44-201 cloud-init[396]: Generating public/private rsa key pair.
Jun  3 20:47:55 ip-172-31-44-201 cloud-init[396]: Your identification has been saved in /etc/ssh/ssh_host_rsa_key
Jun  3 20:47:55 ip-172-31-44-201 cloud-init[396]: Your public key has been saved in /etc/ssh/ssh_host_rsa_key.pub
Jun  3 20:47:55 ip-172-31-44-201 cloud-init[396]: The key fingerprint is:
Jun  3 20:47:55 ip-172-31-44-201 cloud-init[396]: SHA256:SAQijTcpxEljN24AXZupx2CbhnE2i80ipIuoclSstgQ root@ip-172-31-44-201
Jun  3 20:47:55 ip-172-31-44-201 cloud-init[396]: The key's randomart image is:
Jun  3 20:47:55 ip-172-31-44-201 cloud-init[396]: +---[RSA 3072]----+
Jun  3 20:47:55 ip-172-31-44-201 cloud-init[396]: |BXo=o..          |
Jun  3 20:47:55 ip-172-31-44-201 cloud-init[396]: |++@..=           |
Jun  3 20:47:55 ip-172-31-44-201 cloud-init[396]: |.+*=+ .          |
Jun  3 20:47:55 ip-172-31-44-201 cloud-init[396]: |EX.Oo. .         |
Jun  3 20:47:55 ip-172-31-44-201 cloud-init[396]: |*.Ooo . S        |
Jun  3 20:47:55 ip-172-31-44-201 cloud-init[396]: |++=.             |
Jun  3 20:47:55 ip-172-31-44-201 cloud-init[396]: |++ .             |
Jun  3 20:47:55 ip-172-31-44-201 cloud-init[396]: |o o              |
Jun  3 20:47:55 ip-172-31-44-201 cloud-init[396]: |o.               |
Jun  3 20:47:55 ip-172-31-44-201 cloud-init[396]: +----[SHA256]-----+
Jun  3 20:47:55 ip-172-31-44-201 cloud-init[396]: Generating public/private dsa key pair.
Jun  3 20:47:55 ip-172-31-44-201 cloud-init[396]: Your identification has been saved in /etc/ssh/ssh_host_dsa_key
Jun  3 20:47:55 ip-172-31-44-201 cloud-init[396]: Your public key has been saved in /etc/ssh/ssh_host_dsa_key.pub
Jun  3 20:47:55 ip-172-31-44-201 cloud-init[396]: The key fingerprint is:
Jun  3 20:47:55 ip-172-31-44-201 cloud-init[396]: SHA256:DOVOVqmbnuL0Z8HkXMINfXYxodceC+a37cM5vKaoJ6o root@ip-172-31-44-201
Jun  3 20:47:55 ip-172-31-44-201 cloud-init[396]: The key's randomart image is:
Jun  3 20:47:55 ip-172-31-44-201 cloud-init[396]: +---[DSA 1024]----+
Jun  3 20:47:55 ip-172-31-44-201 cloud-init[396]: |        . .o   +o|
Jun  3 20:47:55 ip-172-31-44-201 cloud-init[396]: |       o .o . + +|
Jun  3 20:47:55 ip-172-31-44-201 cloud-init[396]: |      . +o o * +.|
Jun  3 20:47:55 ip-172-31-44-201 cloud-init[396]: |       *. + = o.o|
Jun  3 20:47:55 ip-172-31-44-201 cloud-init[396]: |        SB o . o.|
Jun  3 20:47:55 ip-172-31-44-201 cloud-init[396]: |        o =   . o|
Jun  3 20:47:55 ip-172-31-44-201 cloud-init[396]: |      .. . .  o.o|
Jun  3 20:47:55 ip-172-31-44-201 cloud-init[396]: |     ...o.o..  O |
Jun  3 20:47:55 ip-172-31-44-201 cloud-init[396]: |     Eooo++. .o.=|
Jun  3 20:47:55 ip-172-31-44-201 cloud-init[396]: +----[SHA256]-----+
Jun  3 20:47:55 ip-172-31-44-201 cloud-init[396]: Generating public/private ecdsa key pair.
Jun  3 20:47:55 ip-172-31-44-201 cloud-init[396]: Your identification has been saved in /etc/ssh/ssh_host_ecdsa_key
Jun  3 20:47:55 ip-172-31-44-201 cloud-init[396]: Your public key has been saved in /etc/ssh/ssh_host_ecdsa_key.pub
Jun  3 20:47:55 ip-172-31-44-201 cloud-init[396]: The key fingerprint is:
Jun  3 20:47:55 ip-172-31-44-201 cloud-init[396]: SHA256:WWVU5VOLyyw92FZW6w0WutGAOQAGgqgvbJ+kpB6oB6s root@ip-172-31-44-201
Jun  3 20:47:55 ip-172-31-44-201 cloud-init[396]: The key's randomart image is:
Jun  3 20:47:55 ip-172-31-44-201 cloud-init[396]: +---[ECDSA 256]---+
Jun  3 20:47:55 ip-172-31-44-201 cloud-init[396]: |... ..o... +=.o.+|
Jun  3 20:47:55 ip-172-31-44-201 cloud-init[396]: |o  . .    +o +.o=|
Jun  3 20:47:55 ip-172-31-44-201 cloud-init[396]: |.         ..o.+*.|
Jun  3 20:47:55 ip-172-31-44-201 cloud-init[396]: |.        o  *+=.o|
Jun  3 20:47:55 ip-172-31-44-201 cloud-init[396]: |..      S  o.O ..|
Jun  3 20:47:55 ip-172-31-44-201 cloud-init[396]: |++..        o .  |
Jun  3 20:47:55 ip-172-31-44-201 cloud-init[396]: |==+ .            |
Jun  3 20:47:55 ip-172-31-44-201 cloud-init[396]: |+.oo             |
Jun  3 20:47:55 ip-172-31-44-201 cloud-init[396]: |Eo               |
Jun  3 20:47:55 ip-172-31-44-201 cloud-init[396]: +----[SHA256]-----+
Jun  3 20:47:55 ip-172-31-44-201 cloud-init[396]: Generating public/private ed25519 key pair.
Jun  3 20:47:55 ip-172-31-44-201 cloud-init[396]: Your identification has been saved in /etc/ssh/ssh_host_ed25519_key
Jun  3 20:47:55 ip-172-31-44-201 cloud-init[396]: Your public key has been saved in /etc/ssh/ssh_host_ed25519_key.pub
Jun  3 20:47:55 ip-172-31-44-201 cloud-init[396]: The key fingerprint is:
Jun  3 20:47:55 ip-172-31-44-201 cloud-init[396]: SHA256:LGDgBsprcQBgT0DFl8RBHG+B+/ZKtUpU3rKFSl/+iYo root@ip-172-31-44-201
Jun  3 20:47:55 ip-172-31-44-201 cloud-init[396]: The key's randomart image is:
Jun  3 20:47:55 ip-172-31-44-201 cloud-init[396]: +--[ED25519 256]--+
Jun  3 20:47:55 ip-172-31-44-201 cloud-init[396]: |B==o===.         |
Jun  3 20:47:55 ip-172-31-44-201 cloud-init[396]: |+o+o *. .        |
Jun  3 20:47:55 ip-172-31-44-201 cloud-init[396]: |.ooo+ .o .       |
Jun  3 20:47:55 ip-172-31-44-201 cloud-init[396]: | .+. o..o o      |
Jun  3 20:47:55 ip-172-31-44-201 cloud-init[396]: | o    ooS= +     |
Jun  3 20:47:55 ip-172-31-44-201 cloud-init[396]: |.     o++ B      |
Jun  3 20:47:55 ip-172-31-44-201 cloud-init[396]: |      .+.+ .     |
Jun  3 20:47:55 ip-172-31-44-201 cloud-init[396]: |      o o.  o .  |
Jun  3 20:47:55 ip-172-31-44-201 systemd[1]: Finished Initial cloud-init job (metadata service crawler).
Jun  3 20:47:55 ip-172-31-44-201 cloud-init[396]: |       E.... o   |
Jun  3 20:47:55 ip-172-31-44-201 cloud-init[396]: +----[SHA256]-----+
Jun  3 20:47:55 ip-172-31-44-201 acpid: starting up with netlink and the input layer
Jun  3 20:47:55 ip-172-31-44-201 systemd[1]: Reached target Cloud-config availability.
Jun  3 20:47:55 ip-172-31-44-201 acpid: 2 rules loaded
Jun  3 20:47:55 ip-172-31-44-201 systemd[1]: Reached target Network is Online.
Jun  3 20:47:55 ip-172-31-44-201 acpid: waiting for events: event logging is off
Jun  3 20:47:55 ip-172-31-44-201 systemd[1]: Reached target System Initialization.
Jun  3 20:47:55 ip-172-31-44-201 cron[448]: (CRON) INFO (pidfile fd = 3)
Jun  3 20:47:55 ip-172-31-44-201 systemd[1]: Started ACPI Events Check.
Jun  3 20:47:55 ip-172-31-44-201 cron[448]: (CRON) INFO (Running @reboot jobs)
Jun  3 20:47:55 ip-172-31-44-201 systemd[1]: Condition check resulted in Process error reports when automatic reporting is enabled (file watch) being skipped.
Jun  3 20:47:55 ip-172-31-44-201 dbus-daemon[449]: [system] AppArmor D-Bus mediation is enabled
Jun  3 20:47:55 ip-172-31-44-201 systemd[1]: Condition check resulted in Process error reports when automatic reporting is enabled (timer based) being skipped.
Jun  3 20:47:55 ip-172-31-44-201 dbus-daemon[449]: [system] Activating systemd to hand-off: service name='org.freedesktop.hostname1' unit='dbus-org.freedesktop.hostname1.service' requested by ':1.0' (uid=100 pid=379 comm="/lib/systemd/systemd-networkd " label="unconfined")
Jun  3 20:47:55 ip-172-31-44-201 systemd[1]: Started Daily Cleanup of Temporary Directories.
Jun  3 20:47:55 ip-172-31-44-201 chronyd[460]: chronyd version 4.2 starting (+CMDMON +NTP +REFCLOCK +RTC +PRIVDROP +SCFILTER +SIGND +ASYNCDNS +NTS +SECHASH +IPV6 -DEBUG)
Jun  3 20:47:55 ip-172-31-44-201 systemd[1]: Started Ubuntu Advantage Timer for running repeated jobs.
Jun  3 20:47:55 ip-172-31-44-201 chronyd[460]: Using right/UTC timezone to obtain leap second data
Jun  3 20:47:55 ip-172-31-44-201 systemd[1]: Started Download data for packages that failed at package install time.
Jun  3 20:47:55 ip-172-31-44-201 chronyd[460]: Loaded seccomp filter (level 1)
Jun  3 20:47:55 ip-172-31-44-201 systemd[1]: Reached target Path Units.
Jun  3 20:47:55 ip-172-31-44-201 /usr/sbin/irqbalance: Balancing is ineffective on systems with a single cpu.  Shutting down
Jun  3 20:47:55 ip-172-31-44-201 systemd[1]: Listening on ACPID Listen Socket.
Jun  3 20:47:55 ip-172-31-44-201 systemd[1]: Condition check resulted in Unix socket for apport crash forwarding being skipped.
Jun  3 20:47:55 ip-172-31-44-201 systemd[1]: Listening on cloud-init hotplug hook socket.
Jun  3 20:47:55 ip-172-31-44-201 systemd[1]: Listening on D-Bus System Message Bus Socket.
Jun  3 20:47:55 ip-172-31-44-201 systemd[1]: Listening on Open-iSCSI iscsid Socket.
Jun  3 20:47:55 ip-172-31-44-201 systemd[1]: Starting Socket activation for snappy daemon...
Jun  3 20:47:55 ip-172-31-44-201 systemd[1]: Listening on UUID daemon activation socket.
Jun  3 20:47:55 ip-172-31-44-201 systemd[1]: Condition check resulted in Login to default iSCSI targets being skipped.
Jun  3 20:47:55 ip-172-31-44-201 systemd[1]: Reached target Preparation for Remote File Systems.
Jun  3 20:47:55 ip-172-31-44-201 systemd[1]: Reached target Remote File Systems.
Jun  3 20:47:55 ip-172-31-44-201 systemd[1]: Finished Availability of block devices.
Jun  3 20:47:55 ip-172-31-44-201 systemd[1]: Listening on Socket activation for snappy daemon.
Jun  3 20:47:55 ip-172-31-44-201 systemd[1]: Reached target Socket Units.
Jun  3 20:47:55 ip-172-31-44-201 systemd[1]: Reached target Basic System.
Jun  3 20:47:55 ip-172-31-44-201 systemd[1]: Started ACPI event daemon.
Jun  3 20:47:55 ip-172-31-44-201 systemd[1]: Starting LSB: automatic crash report generation...
Jun  3 20:47:55 ip-172-31-44-201 systemd[1]: Starting chrony, an NTP client/server...
Jun  3 20:47:55 ip-172-31-44-201 systemd[1]: Started Regular background program processing daemon.
Jun  3 20:47:55 ip-172-31-44-201 systemd[1]: Started D-Bus System Message Bus.
Jun  3 20:47:55 ip-172-31-44-201 systemd[1]: Started Save initial kernel messages after boot.
Jun  3 20:47:55 ip-172-31-44-201 systemd[1]: Starting Remove Stale Online ext4 Metadata Check Snapshots...
Jun  3 20:47:55 ip-172-31-44-201 systemd[1]: Starting EC2 Instance Connect Host Key Harvesting...
Jun  3 20:47:55 ip-172-31-44-201 systemd[1]: Condition check resulted in getty on tty2-tty6 if dbus and logind are not available being skipped.
Jun  3 20:47:55 ip-172-31-44-201 systemd[1]: Starting Record successful boot for GRUB...
Jun  3 20:47:55 ip-172-31-44-201 systemd[1]: Started irqbalance daemon.
Jun  3 20:47:55 ip-172-31-44-201 systemd[1]: Starting Dispatcher daemon for systemd-networkd...
Jun  3 20:47:55 ip-172-31-44-201 systemd[1]: Starting Pollinate to seed the pseudo random number generator...
Jun  3 20:47:55 ip-172-31-44-201 systemd[1]: Starting System Logging Service...
Jun  3 20:47:55 ip-172-31-44-201 systemd[1]: Condition check resulted in Secure Boot updates for DB and DBX being skipped.
Jun  3 20:47:55 ip-172-31-44-201 systemd[1]: Condition check resulted in Userspace listener for prompt events being skipped.
Jun  3 20:47:55 ip-172-31-44-201 systemd[1]: Condition check resulted in Automatically repair incorrect owner/permissions on core devices being skipped.
Jun  3 20:47:55 ip-172-31-44-201 systemd[1]: Condition check resulted in Wait for the Ubuntu Core chooser trigger being skipped.
Jun  3 20:47:55 ip-172-31-44-201 systemd[1]: Reached target Preparation for Logins.
Jun  3 20:47:55 ip-172-31-44-201 systemd[1]: Starting Snap Daemon...
Jun  3 20:47:55 ip-172-31-44-201 systemd[1]: Starting User Login Management...
Jun  3 20:47:55 ip-172-31-44-201 systemd[1]: Starting Permit User Sessions...
Jun  3 20:47:55 ip-172-31-44-201 systemd[1]: Condition check resulted in Ubuntu Advantage reboot cmds being skipped.
Jun  3 20:47:55 ip-172-31-44-201 systemd[1]: Started chrony, an NTP client/server.
Jun  3 20:47:55 ip-172-31-44-201 systemd[1]: e2scrub_reap.service: Deactivated successfully.
Jun  3 20:47:55 ip-172-31-44-201 systemd[1]: Finished Remove Stale Online ext4 Metadata Check Snapshots.
Jun  3 20:47:55 ip-172-31-44-201 systemd[1]: irqbalance.service: Deactivated successfully.
Jun  3 20:47:55 ip-172-31-44-201 systemd[1]: Finished Permit User Sessions.
Jun  3 20:47:55 ip-172-31-44-201 systemd[1]: grub-common.service: Deactivated successfully.
Jun  3 20:47:55 ip-172-31-44-201 systemd[1]: Finished Record successful boot for GRUB.
Jun  3 20:47:55 ip-172-31-44-201 dbus-daemon[449]: [system] Successfully activated service 'org.freedesktop.systemd1'
Jun  3 20:47:55 ip-172-31-44-201 kernel: [    0.000000] Linux version 5.19.0-1025-aws (buildd@bos03-amd64-035) (x86_64-linux-gnu-gcc (Ubuntu 11.3.0-1ubuntu1~22.04.1) 11.3.0, GNU ld (GNU Binutils for Ubuntu) 2.38) #26~22.04.1-Ubuntu SMP Mon Apr 24 01:58:15 UTC 2023 (Ubuntu 5.19.0-1025.26~22.04.1-aws 5.19.17)
Jun  3 20:47:55 ip-172-31-44-201 kernel: [    0.000000] Command line: BOOT_IMAGE=/boot/vmlinuz-5.19.0-1025-aws root=PARTUUID=0f687d73-f2aa-4143-b9be-b065fa2d72de ro console=tty1 console=ttyS0 nvme_core.io_timeout=4294967295 panic=-1
Jun  3 20:47:55 ip-172-31-44-201 kernel: [    0.000000] KERNEL supported cpus:
Jun  3 20:47:55 ip-172-31-44-201 kernel: [    0.000000]   Intel GenuineIntel
Jun  3 20:47:55 ip-172-31-44-201 kernel: [    0.000000]   AMD AuthenticAMD
Jun  3 20:47:55 ip-172-31-44-201 kernel: [    0.000000]   Hygon HygonGenuine
Jun  3 20:47:55 ip-172-31-44-201 kernel: [    0.000000]   Centaur CentaurHauls
Jun  3 20:47:55 ip-172-31-44-201 kernel: [    0.000000]   zhaoxin   Shanghai  
Jun  3 20:47:55 ip-172-31-44-201 kernel: [    0.000000] x86/fpu: Supporting XSAVE feature 0x001: 'x87 floating point registers'
Jun  3 20:47:55 ip-172-31-44-201 kernel: [    0.000000] x86/fpu: Supporting XSAVE feature 0x002: 'SSE registers'
Jun  3 20:47:55 ip-172-31-44-201 kernel: [    0.000000] x86/fpu: Supporting XSAVE feature 0x004: 'AVX registers'
Jun  3 20:47:55 ip-172-31-44-201 kernel: [    0.000000] x86/fpu: xstate_offset[2]:  576, xstate_sizes[2]:  256
Jun  3 20:47:55 ip-172-31-44-201 kernel: [    0.000000] x86/fpu: Enabled xstate features 0x7, context size is 832 bytes, using 'standard' format.
Jun  3 20:47:55 ip-172-31-44-201 kernel: [    0.000000] signal: max sigframe size: 1776
Jun  3 20:47:55 ip-172-31-44-201 kernel: [    0.000000] BIOS-provided physical RAM map:
Jun  3 20:47:55 ip-172-31-44-201 kernel: [    0.000000] BIOS-e820: [mem 0x0000000000000000-0x000000000009dfff] usable
Jun  3 20:47:55 ip-172-31-44-201 kernel: [    0.000000] BIOS-e820: [mem 0x000000000009e000-0x000000000009ffff] reserved
Jun  3 20:47:55 ip-172-31-44-201 kernel: [    0.000000] BIOS-e820: [mem 0x00000000000e0000-0x00000000000fffff] reserved
Jun  3 20:47:55 ip-172-31-44-201 kernel: [    0.000000] BIOS-e820: [mem 0x0000000000100000-0x000000003fffffff] usable
Jun  3 20:47:55 ip-172-31-44-201 kernel: [    0.000000] BIOS-e820: [mem 0x00000000fc000000-0x00000000ffffffff] reserved
Jun  3 20:47:55 ip-172-31-44-201 kernel: [    0.000000] NX (Execute Disable) protection: active
Jun  3 20:47:55 ip-172-31-44-201 kernel: [    0.000000] SMBIOS 2.7 present.
Jun  3 20:47:55 ip-172-31-44-201 kernel: [    0.000000] DMI: Xen HVM domU, BIOS 4.11.amazon 08/24/2006
Jun  3 20:47:55 ip-172-31-44-201 kernel: [    0.000000] Hypervisor detected: Xen HVM
Jun  3 20:47:55 ip-172-31-44-201 kernel: [    0.000000] Xen version 4.11.
Jun  3 20:47:55 ip-172-31-44-201 kernel: [    0.000000] platform_pci_unplug: Netfront and the Xen platform PCI driver have been compiled for this kernel: unplug emulated NICs.
Jun  3 20:47:55 ip-172-31-44-201 kernel: [    0.000000] platform_pci_unplug: Blkfront and the Xen platform PCI driver have been compiled for this kernel: unplug emulated disks.
Jun  3 20:47:55 ip-172-31-44-201 kernel: [    0.000000] You might have to change the root device
Jun  3 20:47:55 ip-172-31-44-201 kernel: [    0.000000] from /dev/hd[a-d] to /dev/xvd[a-d]
Jun  3 20:47:55 ip-172-31-44-201 kernel: [    0.000000] in your root= kernel command line option
Jun  3 20:47:55 ip-172-31-44-201 kernel: [    0.000005] HVMOP_pagetable_dying not supported
Jun  3 20:47:55 ip-172-31-44-201 kernel: [    0.050220] tsc: Fast TSC calibration failed
Jun  3 20:47:55 ip-172-31-44-201 kernel: [    0.050223] tsc: Detected 2400.008 MHz processor
Jun  3 20:47:55 ip-172-31-44-201 kernel: [    0.050675] e820: update [mem 0x00000000-0x00000fff] usable ==> reserved
Jun  3 20:47:55 ip-172-31-44-201 kernel: [    0.050680] e820: remove [mem 0x000a0000-0x000fffff] usable
Jun  3 20:47:55 ip-172-31-44-201 kernel: [    0.050697] last_pfn = 0x40000 max_arch_pfn = 0x400000000
Jun  3 20:47:55 ip-172-31-44-201 kernel: [    0.050740] x86/PAT: Configuration [0-7]: WB  WC  UC- UC  WB  WP  UC- WT  
Jun  3 20:47:55 ip-172-31-44-201 kernel: [    0.058719] found SMP MP-table at [mem 0x000fb9a0-0x000fb9af]
Jun  3 20:47:55 ip-172-31-44-201 kernel: [    0.058884] RAMDISK: [mem 0x372b3000-0x37950fff]
Jun  3 20:47:55 ip-172-31-44-201 kernel: [    0.058890] ACPI: Early table checksum verification disabled
Jun  3 20:47:55 ip-172-31-44-201 kernel: [    0.058893] ACPI: RSDP 0x00000000000EA020 000024 (v02 Xen   )
Jun  3 20:47:55 ip-172-31-44-201 kernel: [    0.058898] ACPI: XSDT 0x00000000FC00C780 000054 (v01 Xen    HVM      00000000 HVML 00000000)
Jun  3 20:47:55 ip-172-31-44-201 kernel: [    0.058905] ACPI: FACP 0x00000000FC00C440 0000F4 (v04 Xen    HVM      00000000 HVML 00000000)
Jun  3 20:47:55 ip-172-31-44-201 kernel: [    0.058912] ACPI: DSDT 0x00000000FC003940 008A7E (v02 Xen    HVM      00000000 INTL 20090123)
Jun  3 20:47:55 ip-172-31-44-201 kernel: [    0.058916] ACPI: FACS 0x00000000FC003900 000040
Jun  3 20:47:55 ip-172-31-44-201 kernel: [    0.058919] ACPI: FACS 0x00000000FC003900 000040
Jun  3 20:47:55 ip-172-31-44-201 kernel: [    0.058922] ACPI: APIC 0x00000000FC00C540 0000D8 (v02 Xen    HVM      00000000 HVML 00000000)
Jun  3 20:47:55 ip-172-31-44-201 kernel: [    0.058925] ACPI: HPET 0x00000000FC00C690 000038 (v01 Xen    HVM      00000000 HVML 00000000)
Jun  3 20:47:55 ip-172-31-44-201 kernel: [    0.058929] ACPI: WAET 0x00000000FC00C6D0 000028 (v01 Xen    HVM      00000000 HVML 00000000)
Jun  3 20:47:55 ip-172-31-44-201 kernel: [    0.058932] ACPI: SSDT 0x00000000FC00C700 000031 (v02 Xen    HVM      00000000 INTL 20090123)
Jun  3 20:47:55 ip-172-31-44-201 kernel: [    0.058936] ACPI: SSDT 0x00000000FC00C740 000033 (v02 Xen    HVM      00000000 INTL 20090123)
Jun  3 20:47:55 ip-172-31-44-201 kernel: [    0.058938] ACPI: Reserving FACP table memory at [mem 0xfc00c440-0xfc00c533]
Jun  3 20:47:55 ip-172-31-44-201 kernel: [    0.058940] ACPI: Reserving DSDT table memory at [mem 0xfc003940-0xfc00c3bd]
Jun  3 20:47:55 ip-172-31-44-201 kernel: [    0.058941] ACPI: Reserving FACS table memory at [mem 0xfc003900-0xfc00393f]
Jun  3 20:47:55 ip-172-31-44-201 kernel: [    0.058942] ACPI: Reserving FACS table memory at [mem 0xfc003900-0xfc00393f]
Jun  3 20:47:55 ip-172-31-44-201 kernel: [    0.058943] ACPI: Reserving APIC table memory at [mem 0xfc00c540-0xfc00c617]
Jun  3 20:47:55 ip-172-31-44-201 kernel: [    0.058943] ACPI: Reserving HPET table memory at [mem 0xfc00c690-0xfc00c6c7]
Jun  3 20:47:55 ip-172-31-44-201 kernel: [    0.058944] ACPI: Reserving WAET table memory at [mem 0xfc00c6d0-0xfc00c6f7]
Jun  3 20:47:55 ip-172-31-44-201 kernel: [    0.058945] ACPI: Reserving SSDT table memory at [mem 0xfc00c700-0xfc00c730]
Jun  3 20:47:55 ip-172-31-44-201 kernel: [    0.058946] ACPI: Reserving SSDT table memory at [mem 0xfc00c740-0xfc00c772]
Jun  3 20:47:55 ip-172-31-44-201 kernel: [    0.060737] No NUMA configuration found
Jun  3 20:47:55 ip-172-31-44-201 kernel: [    0.060739] Faking a node at [mem 0x0000000000000000-0x000000003fffffff]
Jun  3 20:47:55 ip-172-31-44-201 kernel: [    0.060749] NODE_DATA(0) allocated [mem 0x3ffd5000-0x3fffffff]
Jun  3 20:47:55 ip-172-31-44-201 kernel: [    0.061131] Zone ranges:
Jun  3 20:47:55 ip-172-31-44-201 kernel: [    0.061132]   DMA      [mem 0x0000000000001000-0x0000000000ffffff]
Jun  3 20:47:55 ip-172-31-44-201 kernel: [    0.061134]   DMA32    [mem 0x0000000001000000-0x000000003fffffff]
Jun  3 20:47:55 ip-172-31-44-201 kernel: [    0.061136]   Normal   empty
Jun  3 20:47:55 ip-172-31-44-201 kernel: [    0.061138]   Device   empty
Jun  3 20:47:55 ip-172-31-44-201 kernel: [    0.061139] Movable zone start for each node
Jun  3 20:47:55 ip-172-31-44-201 kernel: [    0.061142] Early memory node ranges
Jun  3 20:47:55 ip-172-31-44-201 kernel: [    0.061142]   node   0: [mem 0x0000000000001000-0x000000000009dfff]
Jun  3 20:47:55 ip-172-31-44-201 kernel: [    0.061144]   node   0: [mem 0x0000000000100000-0x000000003fffffff]
Jun  3 20:47:55 ip-172-31-44-201 kernel: [    0.061145] Initmem setup node 0 [mem 0x0000000000001000-0x000000003fffffff]
Jun  3 20:47:55 ip-172-31-44-201 kernel: [    0.061156] On node 0, zone DMA: 1 pages in unavailable ranges
Jun  3 20:47:55 ip-172-31-44-201 kernel: [    0.061267] On node 0, zone DMA: 98 pages in unavailable ranges
Jun  3 20:47:55 ip-172-31-44-201 kernel: [    0.066878] ACPI: PM-Timer IO Port: 0xb008
Jun  3 20:47:55 ip-172-31-44-201 kernel: [    0.066938] IOAPIC[0]: apic_id 1, version 17, address 0xfec00000, GSI 0-47
Jun  3 20:47:55 ip-172-31-44-201 kernel: [    0.066941] ACPI: INT_SRC_OVR (bus 0 bus_irq 0 global_irq 2 dfl dfl)
Jun  3 20:47:55 ip-172-31-44-201 kernel: [    0.066944] ACPI: INT_SRC_OVR (bus 0 bus_irq 5 global_irq 5 low level)
Jun  3 20:47:55 ip-172-31-44-201 kernel: [    0.066945] ACPI: INT_SRC_OVR (bus 0 bus_irq 10 global_irq 10 low level)
Jun  3 20:47:55 ip-172-31-44-201 kernel: [    0.066947] ACPI: INT_SRC_OVR (bus 0 bus_irq 11 global_irq 11 low level)
Jun  3 20:47:55 ip-172-31-44-201 kernel: [    0.066951] ACPI: Using ACPI (MADT) for SMP configuration information
Jun  3 20:47:55 ip-172-31-44-201 kernel: [    0.066953] ACPI: HPET id: 0x8086a201 base: 0xfed00000
Jun  3 20:47:55 ip-172-31-44-201 kernel: [    0.066957] TSC deadline timer available
Jun  3 20:47:55 ip-172-31-44-201 kernel: [    0.066965] smpboot: Allowing 15 CPUs, 14 hotplug CPUs
Jun  3 20:47:55 ip-172-31-44-201 kernel: [    0.066973] PM: hibernation: Registered nosave memory: [mem 0x00000000-0x00000fff]
Jun  3 20:47:55 ip-172-31-44-201 kernel: [    0.066976] PM: hibernation: Registered nosave memory: [mem 0x0009e000-0x0009ffff]
Jun  3 20:47:55 ip-172-31-44-201 kernel: [    0.066977] PM: hibernation: Registered nosave memory: [mem 0x000a0000-0x000dffff]
Jun  3 20:47:55 ip-172-31-44-201 kernel: [    0.066978] PM: hibernation: Registered nosave memory: [mem 0x000e0000-0x000fffff]
Jun  3 20:47:55 ip-172-31-44-201 kernel: [    0.066980] [mem 0x40000000-0xfbffffff] available for PCI devices
Jun  3 20:47:55 ip-172-31-44-201 kernel: [    0.066981] Booting paravirtualized kernel on Xen HVM
Jun  3 20:47:55 ip-172-31-44-201 kernel: [    0.066984] clocksource: refined-jiffies: mask: 0xffffffff max_cycles: 0xffffffff, max_idle_ns: 7645519600211568 ns
Jun  3 20:47:55 ip-172-31-44-201 kernel: [    0.066992] setup_percpu: NR_CPUS:8192 nr_cpumask_bits:15 nr_cpu_ids:15 nr_node_ids:1
Jun  3 20:47:55 ip-172-31-44-201 kernel: [    0.067788] percpu: Embedded 61 pages/cpu s212992 r8192 d28672 u262144
Jun  3 20:47:55 ip-172-31-44-201 kernel: [    0.067794] pcpu-alloc: s212992 r8192 d28672 u262144 alloc=1*2097152
Jun  3 20:47:55 ip-172-31-44-201 kernel: [    0.067797] pcpu-alloc: [0] 00 01 02 03 04 05 06 07 [0] 08 09 10 11 12 13 14 -- 
Jun  3 20:47:55 ip-172-31-44-201 kernel: [    0.067841] xen: PV spinlocks enabled
Jun  3 20:47:55 ip-172-31-44-201 kernel: [    0.067844] PV qspinlock hash table entries: 256 (order: 0, 4096 bytes, linear)
Jun  3 20:47:55 ip-172-31-44-201 kernel: [    0.067848] Fallback order for Node 0: 0 
Jun  3 20:47:55 ip-172-31-44-201 kernel: [    0.067852] Built 1 zonelists, mobility grouping on.  Total pages: 257792
Jun  3 20:47:55 ip-172-31-44-201 kernel: [    0.067853] Policy zone: DMA32
Jun  3 20:47:55 ip-172-31-44-201 kernel: [    0.067855] Kernel command line: BOOT_IMAGE=/boot/vmlinuz-5.19.0-1025-aws root=PARTUUID=0f687d73-f2aa-4143-b9be-b065fa2d72de ro console=tty1 console=ttyS0 nvme_core.io_timeout=4294967295 panic=-1
Jun  3 20:47:55 ip-172-31-44-201 kernel: [    0.067930] Unknown kernel command line parameters "BOOT_IMAGE=/boot/vmlinuz-5.19.0-1025-aws", will be passed to user space.
Jun  3 20:47:55 ip-172-31-44-201 kernel: [    0.068086] Dentry cache hash table entries: 131072 (order: 8, 1048576 bytes, linear)
Jun  3 20:47:55 ip-172-31-44-201 kernel: [    0.068164] Inode-cache hash table entries: 65536 (order: 7, 524288 bytes, linear)
Jun  3 20:47:55 ip-172-31-44-201 kernel: [    0.068404] mem auto-init: stack:off, heap alloc:on, heap free:off
Jun  3 20:47:55 ip-172-31-44-201 kernel: [    0.070765] Memory: 973580K/1048180K available (18440K kernel code, 4083K rwdata, 11336K rodata, 3280K init, 4760K bss, 74340K reserved, 0K cma-reserved)
Jun  3 20:47:55 ip-172-31-44-201 kernel: [    0.071127] SLUB: HWalign=64, Order=0-3, MinObjects=0, CPUs=15, Nodes=1
Jun  3 20:47:55 ip-172-31-44-201 kernel: [    0.071146] Kernel/User page tables isolation: enabled
Jun  3 20:47:55 ip-172-31-44-201 kernel: [    0.071166] ftrace: allocating 52434 entries in 205 pages
Jun  3 20:47:55 ip-172-31-44-201 kernel: [    0.071229] ftrace section at ffffffffa1a11160 sorted properly
Jun  3 20:47:55 ip-172-31-44-201 kernel: [    0.082027] ftrace: allocated 205 pages with 5 groups
Jun  3 20:47:55 ip-172-31-44-201 kernel: [    0.082221] rcu: Hierarchical RCU implementation.
Jun  3 20:47:55 ip-172-31-44-201 kernel: [    0.082222] rcu: 	RCU restricting CPUs from NR_CPUS=8192 to nr_cpu_ids=15.
Jun  3 20:47:55 ip-172-31-44-201 kernel: [    0.082224] 	Rude variant of Tasks RCU enabled.
Jun  3 20:47:55 ip-172-31-44-201 kernel: [    0.082225] 	Tracing variant of Tasks RCU enabled.
Jun  3 20:47:55 ip-172-31-44-201 kernel: [    0.082226] rcu: RCU calculated value of scheduler-enlistment delay is 25 jiffies.
Jun  3 20:47:55 ip-172-31-44-201 kernel: [    0.082227] rcu: Adjusting geometry for rcu_fanout_leaf=16, nr_cpu_ids=15
Jun  3 20:47:55 ip-172-31-44-201 kernel: [    0.087361] NR_IRQS: 524544, nr_irqs: 952, preallocated irqs: 16
Jun  3 20:47:55 ip-172-31-44-201 kernel: [    0.087394] xen:events: Using 2-level ABI
Jun  3 20:47:55 ip-172-31-44-201 kernel: [    0.087541] xen:events: Xen HVM callback vector for event delivery is enabled
Jun  3 20:47:55 ip-172-31-44-201 kernel: [    0.087734] rcu: srcu_init: Setting srcu_struct sizes based on contention.
Jun  3 20:47:55 ip-172-31-44-201 kernel: [    0.087753] random: crng init done
Jun  3 20:47:55 ip-172-31-44-201 kernel: [    0.119221] Console: colour VGA+ 80x25
Jun  3 20:47:55 ip-172-31-44-201 kernel: [    0.227560] printk: console [tty1] enabled
Jun  3 20:47:55 ip-172-31-44-201 kernel: [    0.228394] Cannot get hvm parameter CONSOLE_EVTCHN (18): -22!
Jun  3 20:47:55 ip-172-31-44-201 kernel: [    0.658429] printk: console [ttyS0] enabled
Jun  3 20:47:55 ip-172-31-44-201 kernel: [    0.661521] ACPI: Core revision 20220331
Jun  3 20:47:55 ip-172-31-44-201 kernel: [    0.664179] clocksource: hpet: mask: 0xffffffff max_cycles: 0xffffffff, max_idle_ns: 30580167144 ns
Jun  3 20:47:55 ip-172-31-44-201 kernel: [    0.669821] APIC: Switch to symmetric I/O mode setup
Jun  3 20:47:55 ip-172-31-44-201 kernel: [    0.673913] x2apic enabled
Jun  3 20:47:55 ip-172-31-44-201 kernel: [    0.677078] Switched APIC routing to physical x2apic.
Jun  3 20:47:55 ip-172-31-44-201 kernel: [    0.683917] ..TIMER: vector=0x30 apic1=0 pin1=2 apic2=0 pin2=0
Jun  3 20:47:55 ip-172-31-44-201 kernel: [    0.704427] clocksource: tsc-early: mask: 0xffffffffffffffff max_cycles: 0x22983f10a64, max_idle_ns: 440795218721 ns
Jun  3 20:47:55 ip-172-31-44-201 kernel: [    0.711228] Calibrating delay loop (skipped), value calculated using timer frequency.. 4800.01 BogoMIPS (lpj=9600032)
Jun  3 20:47:55 ip-172-31-44-201 kernel: [    0.719224] pid_max: default: 32768 minimum: 301
Jun  3 20:47:55 ip-172-31-44-201 kernel: [    0.722304] LSM: Security Framework initializing
Jun  3 20:47:55 ip-172-31-44-201 kernel: [    0.723845] landlock: Up and running.
Jun  3 20:47:55 ip-172-31-44-201 kernel: [    0.727782] Yama: becoming mindful.
Jun  3 20:47:55 ip-172-31-44-201 kernel: [    0.730129] AppArmor: AppArmor initialized
Jun  3 20:47:55 ip-172-31-44-201 kernel: [    0.731865] Mount-cache hash table entries: 2048 (order: 2, 16384 bytes, linear)
Jun  3 20:47:55 ip-172-31-44-201 kernel: [    0.736038] Mountpoint-cache hash table entries: 2048 (order: 2, 16384 bytes, linear)
Jun  3 20:47:55 ip-172-31-44-201 kernel: [    0.740456] Last level iTLB entries: 4KB 1024, 2MB 1024, 4MB 1024
Jun  3 20:47:55 ip-172-31-44-201 kernel: [    0.743925] Last level dTLB entries: 4KB 1024, 2MB 1024, 4MB 1024, 1GB 4
Jun  3 20:47:55 ip-172-31-44-201 kernel: [    0.747976] Spectre V1 : Mitigation: usercopy/swapgs barriers and __user pointer sanitization
Jun  3 20:47:55 ip-172-31-44-201 kernel: [    0.755224] Spectre V2 : Mitigation: Retpolines
Jun  3 20:47:55 ip-172-31-44-201 kernel: [    0.757939] Spectre V2 : Spectre v2 / SpectreRSB mitigation: Filling RSB on context switch
Jun  3 20:47:55 ip-172-31-44-201 kernel: [    0.760099] Spectre V2 : Spectre v2 / SpectreRSB : Filling RSB on VMEXIT
Jun  3 20:47:55 ip-172-31-44-201 kernel: [    0.763954] Speculative Store Bypass: Vulnerable
Jun  3 20:47:55 ip-172-31-44-201 kernel: [    0.767865] MDS: Vulnerable: Clear CPU buffers attempted, no microcode
Jun  3 20:47:55 ip-172-31-44-201 kernel: [    0.771954] MMIO Stale Data: Vulnerable: Clear CPU buffers attempted, no microcode
Jun  3 20:47:55 ip-172-31-44-201 kernel: [    0.822897] clocksource: xen: mask: 0xffffffffffffffff max_cycles: 0x1cd42e4dffb, max_idle_ns: 881590591483 ns
Jun  3 20:47:55 ip-172-31-44-201 kernel: [    0.828485] Xen: using vcpuop timer interface
Jun  3 20:47:55 ip-172-31-44-201 kernel: [    0.828494] installing Xen timer for CPU 0
Jun  3 20:47:55 ip-172-31-44-201 kernel: [    0.832243] smpboot: CPU0: Intel(R) Xeon(R) CPU E5-2676 v3 @ 2.40GHz (family: 0x6, model: 0x3f, stepping: 0x2)
Jun  3 20:47:55 ip-172-31-44-201 kernel: [    0.836566] cpu 0 spinlock event irq 53
Jun  3 20:47:55 ip-172-31-44-201 kernel: [    0.840304] cblist_init_generic: Setting adjustable number of callback queues.
Jun  3 20:47:55 ip-172-31-44-201 kernel: [    0.843229] cblist_init_generic: Setting shift to 4 and lim to 1.
Jun  3 20:47:55 ip-172-31-44-201 kernel: [    0.848248] cblist_init_generic: Setting shift to 4 and lim to 1.
Jun  3 20:47:55 ip-172-31-44-201 kernel: [    0.852315] Performance Events: unsupported p6 CPU model 63 no PMU driver, software events only.
Jun  3 20:47:55 ip-172-31-44-201 kernel: [    0.856481] rcu: Hierarchical SRCU implementation.
Jun  3 20:47:55 ip-172-31-44-201 kernel: [    0.860228] rcu: 	Max phase no-delay instances is 1000.
Jun  3 20:47:55 ip-172-31-44-201 kernel: [    0.864699] NMI watchdog: Perf NMI watchdog permanently disabled
Jun  3 20:47:55 ip-172-31-44-201 kernel: [    0.868574] smp: Bringing up secondary CPUs ...
Jun  3 20:47:55 ip-172-31-44-201 kernel: [    0.872168] smp: Brought up 1 node, 1 CPU
Jun  3 20:47:55 ip-172-31-44-201 kernel: [    0.875230] smpboot: Max logical packages: 15
Jun  3 20:47:55 ip-172-31-44-201 kernel: [    0.879228] smpboot: Total of 1 processors activated (4800.01 BogoMIPS)
Jun  3 20:47:55 ip-172-31-44-201 kernel: [    0.884503] devtmpfs: initialized
Jun  3 20:47:55 ip-172-31-44-201 kernel: [    0.887279] x86/mm: Memory block size: 128MB
Jun  3 20:47:55 ip-172-31-44-201 kernel: [    0.891495] clocksource: jiffies: mask: 0xffffffff max_cycles: 0xffffffff, max_idle_ns: 7645041785100000 ns
Jun  3 20:47:55 ip-172-31-44-201 kernel: [    0.896531] futex hash table entries: 4096 (order: 6, 262144 bytes, linear)
Jun  3 20:47:55 ip-172-31-44-201 kernel: [    0.900139] pinctrl core: initialized pinctrl subsystem
Jun  3 20:47:55 ip-172-31-44-201 kernel: [    0.903363] PM: RTC time: 20:47:43, date: 2023-06-03
Jun  3 20:47:55 ip-172-31-44-201 kernel: [    0.907585] NET: Registered PF_NETLINK/PF_ROUTE protocol family
Jun  3 20:47:55 ip-172-31-44-201 kernel: [    0.911350] DMA: preallocated 128 KiB GFP_KERNEL pool for atomic allocations
Jun  3 20:47:55 ip-172-31-44-201 kernel: [    0.915258] DMA: preallocated 128 KiB GFP_KERNEL|GFP_DMA pool for atomic allocations
Jun  3 20:47:55 ip-172-31-44-201 kernel: [    0.919242] DMA: preallocated 128 KiB GFP_KERNEL|GFP_DMA32 pool for atomic allocations
Jun  3 20:47:55 ip-172-31-44-201 kernel: [    0.923240] audit: initializing netlink subsys (disabled)
Jun  3 20:47:55 ip-172-31-44-201 kernel: [    0.926848] thermal_sys: Registered thermal governor 'fair_share'
Jun  3 20:47:55 ip-172-31-44-201 kernel: [    0.926850] thermal_sys: Registered thermal governor 'bang_bang'
Jun  3 20:47:55 ip-172-31-44-201 kernel: [    0.928062] thermal_sys: Registered thermal governor 'step_wise'
Jun  3 20:47:55 ip-172-31-44-201 kernel: [    0.931233] audit: type=2000 audit(1685825263.588:1): state=initialized audit_enabled=0 res=1
Jun  3 20:47:55 ip-172-31-44-201 kernel: [    0.936166] thermal_sys: Registered thermal governor 'user_space'
Jun  3 20:47:55 ip-172-31-44-201 kernel: [    0.936168] thermal_sys: Registered thermal governor 'power_allocator'
Jun  3 20:47:55 ip-172-31-44-201 kernel: [    0.939244] EISA bus registered
Jun  3 20:47:55 ip-172-31-44-201 kernel: [    0.945440] cpuidle: using governor ladder
Jun  3 20:47:55 ip-172-31-44-201 kernel: [    0.947877] cpuidle: using governor menu
Jun  3 20:47:55 ip-172-31-44-201 kernel: [    0.950558] acpiphp: ACPI Hot Plug PCI Controller Driver version: 0.5
Jun  3 20:47:55 ip-172-31-44-201 kernel: [    0.952580] PCI: Using configuration type 1 for base access
Jun  3 20:47:55 ip-172-31-44-201 kernel: [    0.957623] kprobes: kprobe jump-optimization is enabled. All kprobes are optimized if possible.
Jun  3 20:47:55 ip-172-31-44-201 kernel: [    0.996586] HugeTLB: can optimize 7 vmemmap pages for hugepages-2048kB
Jun  3 20:47:55 ip-172-31-44-201 kernel: [    1.000244] HugeTLB registered 2.00 MiB page size, pre-allocated 0 pages
Jun  3 20:47:55 ip-172-31-44-201 kernel: [    1.004590] ACPI: Added _OSI(Module Device)
Jun  3 20:47:55 ip-172-31-44-201 kernel: [    1.007231] ACPI: Added _OSI(Processor Device)
Jun  3 20:47:55 ip-172-31-44-201 kernel: [    1.010696] ACPI: Added _OSI(3.0 _SCP Extensions)
Jun  3 20:47:55 ip-172-31-44-201 kernel: [    1.012117] ACPI: Added _OSI(Processor Aggregator Device)
Jun  3 20:47:55 ip-172-31-44-201 kernel: [    1.016115] ACPI: Added _OSI(Linux-Dell-Video)
Jun  3 20:47:55 ip-172-31-44-201 kernel: [    1.019232] ACPI: Added _OSI(Linux-Lenovo-NV-HDMI-Audio)
Jun  3 20:47:55 ip-172-31-44-201 kernel: [    1.023228] ACPI: Added _OSI(Linux-HPI-Hybrid-Graphics)
Jun  3 20:47:55 ip-172-31-44-201 kernel: [    1.034991] ACPI: 3 ACPI AML tables successfully acquired and loaded
Jun  3 20:47:55 ip-172-31-44-201 kernel: [    1.036809] xen: --> pirq=16 -> irq=9 (gsi=9)
Jun  3 20:47:55 ip-172-31-44-201 kernel: [    1.038172] ACPI: Interpreter enabled
Jun  3 20:47:55 ip-172-31-44-201 kernel: [    1.040060] ACPI: PM: (supports S0 S4 S5)
Jun  3 20:47:55 ip-172-31-44-201 kernel: [    1.042890] ACPI: Using IOAPIC for interrupt routing
Jun  3 20:47:55 ip-172-31-44-201 kernel: [    1.044037] PCI: Using host bridge windows from ACPI; if necessary, use "pci=nocrs" and report a bug
Jun  3 20:47:55 ip-172-31-44-201 kernel: [    1.048325] PCI: Using E820 reservations for host bridge windows
Jun  3 20:47:55 ip-172-31-44-201 kernel: [    1.052478] ACPI: Enabled 2 GPEs in block 00 to 0F
Jun  3 20:47:55 ip-172-31-44-201 kernel: [    1.083397] ACPI: PCI Root Bridge [PCI0] (domain 0000 [bus 00-ff])
Jun  3 20:47:55 ip-172-31-44-201 kernel: [    1.088325] acpi PNP0A03:00: _OSC: OS supports [ASPM ClockPM Segments MSI EDR HPX-Type3]
Jun  3 20:47:55 ip-172-31-44-201 kernel: [    1.092570] acpi PNP0A03:00: _OSC: not requesting OS control; OS requires [ExtendedConfig ASPM ClockPM MSI]
Jun  3 20:47:55 ip-172-31-44-201 kernel: [    1.096652] acpi PNP0A03:00: fail to add MMCONFIG information, can't access extended PCI configuration space under this bridge.
Jun  3 20:47:55 ip-172-31-44-201 kernel: [    1.102299] acpiphp: Slot [0] registered
Jun  3 20:47:55 ip-172-31-44-201 kernel: [    1.105892] acpiphp: Slot [3] registered
Jun  3 20:47:55 ip-172-31-44-201 kernel: [    1.108881] acpiphp: Slot [4] registered
Jun  3 20:47:55 ip-172-31-44-201 kernel: [    1.112774] acpiphp: Slot [5] registered
Jun  3 20:47:55 ip-172-31-44-201 kernel: [    1.116904] acpiphp: Slot [6] registered
Jun  3 20:47:55 ip-172-31-44-201 kernel: [    1.120836] acpiphp: Slot [7] registered
Jun  3 20:47:55 ip-172-31-44-201 kernel: [    1.124902] acpiphp: Slot [8] registered
Jun  3 20:47:55 ip-172-31-44-201 kernel: [    1.128955] acpiphp: Slot [9] registered
Jun  3 20:47:55 ip-172-31-44-201 kernel: [    1.133026] acpiphp: Slot [10] registered
Jun  3 20:47:55 ip-172-31-44-201 kernel: [    1.137012] acpiphp: Slot [11] registered
Jun  3 20:47:55 ip-172-31-44-201 kernel: [    1.140943] acpiphp: Slot [12] registered
Jun  3 20:47:55 ip-172-31-44-201 kernel: [    1.143555] acpiphp: Slot [13] registered
Jun  3 20:47:55 ip-172-31-44-201 kernel: [    1.146556] acpiphp: Slot [14] registered
Jun  3 20:47:55 ip-172-31-44-201 kernel: [    1.148269] acpiphp: Slot [15] registered
Jun  3 20:47:55 ip-172-31-44-201 kernel: [    1.151593] acpiphp: Slot [16] registered
Jun  3 20:47:55 ip-172-31-44-201 kernel: [    1.154750] acpiphp: Slot [17] registered
Jun  3 20:47:55 ip-172-31-44-201 kernel: [    1.156248] acpiphp: Slot [18] registered
Jun  3 20:47:55 ip-172-31-44-201 kernel: [    1.159286] acpiphp: Slot [19] registered
Jun  3 20:47:55 ip-172-31-44-201 kernel: [    1.162328] acpiphp: Slot [20] registered
Jun  3 20:47:55 ip-172-31-44-201 kernel: [    1.164251] acpiphp: Slot [21] registered
Jun  3 20:47:55 ip-172-31-44-201 kernel: [    1.167279] acpiphp: Slot [22] registered
Jun  3 20:47:55 ip-172-31-44-201 kernel: [    1.170295] acpiphp: Slot [23] registered
Jun  3 20:47:55 ip-172-31-44-201 kernel: [    1.172282] acpiphp: Slot [24] registered
Jun  3 20:47:55 ip-172-31-44-201 kernel: [    1.175444] acpiphp: Slot [25] registered
Jun  3 20:47:55 ip-172-31-44-201 kernel: [    1.178845] acpiphp: Slot [26] registered
Jun  3 20:47:55 ip-172-31-44-201 kernel: [    1.180229] acpiphp: Slot [27] registered
Jun  3 20:47:55 ip-172-31-44-201 kernel: [    1.183361] acpiphp: Slot [28] registered
Jun  3 20:47:55 ip-172-31-44-201 kernel: [    1.186419] acpiphp: Slot [29] registered
Jun  3 20:47:55 ip-172-31-44-201 kernel: [    1.188231] acpiphp: Slot [30] registered
Jun  3 20:47:55 ip-172-31-44-201 kernel: [    1.191242] acpiphp: Slot [31] registered
Jun  3 20:47:55 ip-172-31-44-201 kernel: [    1.194472] PCI host bridge to bus 0000:00
Jun  3 20:47:55 ip-172-31-44-201 kernel: [    1.195892] pci_bus 0000:00: root bus resource [io  0x0000-0x0cf7 window]
Jun  3 20:47:55 ip-172-31-44-201 kernel: [    1.200114] pci_bus 0000:00: root bus resource [io  0x0d00-0xffff window]
Jun  3 20:47:55 ip-172-31-44-201 kernel: [    1.204140] pci_bus 0000:00: root bus resource [mem 0x000a0000-0x000bffff window]
Jun  3 20:47:55 ip-172-31-44-201 kernel: [    1.208140] pci_bus 0000:00: root bus resource [mem 0xf0000000-0xfbffffff window]
Jun  3 20:47:55 ip-172-31-44-201 kernel: [    1.212131] pci_bus 0000:00: root bus resource [bus 00-ff]
Jun  3 20:47:55 ip-172-31-44-201 kernel: [    1.215497] pci 0000:00:00.0: [8086:1237] type 00 class 0x060000
Jun  3 20:47:55 ip-172-31-44-201 kernel: [    1.221447] pci 0000:00:01.0: [8086:7000] type 00 class 0x060100
Jun  3 20:47:55 ip-172-31-44-201 kernel: [    1.226005] pci 0000:00:01.1: [8086:7010] type 00 class 0x010180
Jun  3 20:47:55 ip-172-31-44-201 kernel: [    1.229422] pci 0000:00:01.1: reg 0x20: [io  0xc100-0xc10f]
Jun  3 20:47:55 ip-172-31-44-201 kernel: [    1.232668] pci 0000:00:01.1: legacy IDE quirk: reg 0x10: [io  0x01f0-0x01f7]
Jun  3 20:47:55 ip-172-31-44-201 kernel: [    1.236092] pci 0000:00:01.1: legacy IDE quirk: reg 0x14: [io  0x03f6]
Jun  3 20:47:55 ip-172-31-44-201 kernel: [    1.240011] pci 0000:00:01.1: legacy IDE quirk: reg 0x18: [io  0x0170-0x0177]
Jun  3 20:47:55 ip-172-31-44-201 kernel: [    1.244085] pci 0000:00:01.1: legacy IDE quirk: reg 0x1c: [io  0x0376]
Jun  3 20:47:55 ip-172-31-44-201 kernel: [    1.248664] * Found PM-Timer Bug on the chipset. Due to workarounds for a bug,
Jun  3 20:47:55 ip-172-31-44-201 kernel: [    1.248664] * this clock source is slow. Consider trying other clock sources
Jun  3 20:47:55 ip-172-31-44-201 kernel: [    1.252532] pci 0000:00:01.3: [8086:7113] type 00 class 0x068000
Jun  3 20:47:55 ip-172-31-44-201 kernel: [    1.258734] pci 0000:00:01.3: quirk: [io  0xb000-0xb03f] claimed by PIIX4 ACPI
Jun  3 20:47:55 ip-172-31-44-201 kernel: [    1.261892] pci 0000:00:02.0: [1013:00b8] type 00 class 0x030000
Jun  3 20:47:55 ip-172-31-44-201 kernel: [    1.264894] pci 0000:00:02.0: reg 0x10: [mem 0xf0000000-0xf1ffffff pref]
Jun  3 20:47:55 ip-172-31-44-201 kernel: [    1.268357] pci 0000:00:02.0: reg 0x14: [mem 0xf3000000-0xf3000fff]
Jun  3 20:47:55 ip-172-31-44-201 kernel: [    1.273414] pci 0000:00:02.0: Video device with shadowed ROM at [mem 0x000c0000-0x000dffff]
Jun  3 20:47:55 ip-172-31-44-201 kernel: [    1.276721] pci 0000:00:03.0: [5853:0001] type 00 class 0xff8000
Jun  3 20:47:55 ip-172-31-44-201 kernel: [    1.280490] pci 0000:00:03.0: reg 0x10: [io  0xc000-0xc0ff]
Jun  3 20:47:55 ip-172-31-44-201 kernel: [    1.284276] pci 0000:00:03.0: reg 0x14: [mem 0xf2000000-0xf2ffffff pref]
Jun  3 20:47:55 ip-172-31-44-201 kernel: [    1.297242] ACPI: PCI: Interrupt link LNKA configured for IRQ 5
Jun  3 20:47:55 ip-172-31-44-201 kernel: [    1.300508] ACPI: PCI: Interrupt link LNKB configured for IRQ 10
Jun  3 20:47:55 ip-172-31-44-201 kernel: [    1.304586] ACPI: PCI: Interrupt link LNKC configured for IRQ 11
Jun  3 20:47:55 ip-172-31-44-201 kernel: [    1.308587] ACPI: PCI: Interrupt link LNKD configured for IRQ 5
Jun  3 20:47:55 ip-172-31-44-201 kernel: [    1.321446] xen:balloon: Initialising balloon driver
Jun  3 20:47:55 ip-172-31-44-201 kernel: [    1.324050] iommu: Default domain type: Translated 
Jun  3 20:47:55 ip-172-31-44-201 kernel: [    1.327229] iommu: DMA domain TLB invalidation policy: lazy mode 
Jun  3 20:47:55 ip-172-31-44-201 kernel: [    1.331424] SCSI subsystem initialized
Jun  3 20:47:55 ip-172-31-44-201 kernel: [    1.334096] libata version 3.00 loaded.
Jun  3 20:47:55 ip-172-31-44-201 kernel: [    1.334127] ACPI: bus type USB registered
Jun  3 20:47:55 ip-172-31-44-201 kernel: [    1.335899] usbcore: registered new interface driver usbfs
Jun  3 20:47:55 ip-172-31-44-201 kernel: [    1.339250] usbcore: registered new interface driver hub
Jun  3 20:47:55 ip-172-31-44-201 kernel: [    1.342763] usbcore: registered new device driver usb
Jun  3 20:47:55 ip-172-31-44-201 kernel: [    1.343956] pps_core: LinuxPPS API ver. 1 registered
Jun  3 20:47:55 ip-172-31-44-201 kernel: [    1.347230] pps_core: Software ver. 5.3.6 - Copyright 2005-2007 Rodolfo Giometti <giometti@linux.it>
Jun  3 20:47:55 ip-172-31-44-201 kernel: [    1.352220] PTP clock support registered
Jun  3 20:47:55 ip-172-31-44-201 kernel: [    1.355035] EDAC MC: Ver: 3.0.0
Jun  3 20:47:55 ip-172-31-44-201 kernel: [    1.356853] NetLabel: Initializing
Jun  3 20:47:55 ip-172-31-44-201 kernel: [    1.359967] NetLabel:  domain hash size = 128
Jun  3 20:47:55 ip-172-31-44-201 kernel: [    1.363186] NetLabel:  protocols = UNLABELED CIPSOv4 CALIPSO
Jun  3 20:47:55 ip-172-31-44-201 kernel: [    1.364055] NetLabel:  unlabeled traffic allowed by default
Jun  3 20:47:55 ip-172-31-44-201 kernel: [    1.368316] mctp: management component transport protocol core
Jun  3 20:47:55 ip-172-31-44-201 kernel: [    1.372133] NET: Registered PF_MCTP protocol family
Jun  3 20:47:55 ip-172-31-44-201 kernel: [    1.376691] PCI: Using ACPI for IRQ routing
Jun  3 20:47:55 ip-172-31-44-201 kernel: [    1.380592] PCI: pci_cache_line_size set to 64 bytes
Jun  3 20:47:55 ip-172-31-44-201 kernel: [    1.381667] e820: reserve RAM buffer [mem 0x0009e000-0x0009ffff]
Jun  3 20:47:55 ip-172-31-44-201 kernel: [    1.381798] pci 0000:00:02.0: vgaarb: setting as boot VGA device
Jun  3 20:47:55 ip-172-31-44-201 kernel: [    1.383222] pci 0000:00:02.0: vgaarb: bridge control possible
Jun  3 20:47:55 ip-172-31-44-201 kernel: [    1.383222] pci 0000:00:02.0: vgaarb: VGA device added: decodes=io+mem,owns=io+mem,locks=none
Jun  3 20:47:55 ip-172-31-44-201 kernel: [    1.383230] vgaarb: loaded
Jun  3 20:47:55 ip-172-31-44-201 kernel: [    1.388508] hpet: 3 channels of 0 reserved for per-cpu timers
Jun  3 20:47:55 ip-172-31-44-201 kernel: [    1.392505] hpet0: at MMIO 0xfed00000, IRQs 2, 8, 0
Jun  3 20:47:55 ip-172-31-44-201 kernel: [    1.396506] hpet0: 3 comparators, 64-bit 62.500000 MHz counter
Jun  3 20:47:55 ip-172-31-44-201 kernel: [    1.403271] clocksource: Switched to clocksource xen
Jun  3 20:47:55 ip-172-31-44-201 kernel: [    1.421914] VFS: Disk quotas dquot_6.6.0
Jun  3 20:47:55 ip-172-31-44-201 kernel: [    1.427652] VFS: Dquot-cache hash table entries: 512 (order 0, 4096 bytes)
Jun  3 20:47:55 ip-172-31-44-201 kernel: [    1.436594] AppArmor: AppArmor Filesystem Enabled
Jun  3 20:47:55 ip-172-31-44-201 kernel: [    1.442932] pnp: PnP ACPI init
Jun  3 20:47:55 ip-172-31-44-201 kernel: [    1.447838] system 00:00: [mem 0x00000000-0x0009ffff] could not be reserved
Jun  3 20:47:55 ip-172-31-44-201 kernel: [    1.456918] system 00:01: [io  0x08a0-0x08a3] has been reserved
Jun  3 20:47:55 ip-172-31-44-201 kernel: [    1.465131] system 00:01: [io  0x0cc0-0x0ccf] has been reserved
Jun  3 20:47:55 ip-172-31-44-201 kernel: [    1.472685] system 00:01: [io  0x04d0-0x04d1] has been reserved
Jun  3 20:47:55 ip-172-31-44-201 kernel: [    1.479937] xen: --> pirq=17 -> irq=8 (gsi=8)
Jun  3 20:47:55 ip-172-31-44-201 kernel: [    1.479993] xen: --> pirq=18 -> irq=12 (gsi=12)
Jun  3 20:47:55 ip-172-31-44-201 kernel: [    1.480035] xen: --> pirq=19 -> irq=1 (gsi=1)
Jun  3 20:47:55 ip-172-31-44-201 kernel: [    1.480074] xen: --> pirq=20 -> irq=6 (gsi=6)
Jun  3 20:47:55 ip-172-31-44-201 kernel: [    1.480076] pnp 00:05: [dma 2]
Jun  3 20:47:55 ip-172-31-44-201 kernel: [    1.480127] xen: --> pirq=21 -> irq=4 (gsi=4)
Jun  3 20:47:55 ip-172-31-44-201 kernel: [    1.480218] system 00:07: [io  0x10c0-0x1141] has been reserved
Jun  3 20:47:55 ip-172-31-44-201 kernel: [    1.487543] system 00:07: [io  0xb044-0xb047] has been reserved
Jun  3 20:47:55 ip-172-31-44-201 kernel: [    1.510309] pnp: PnP ACPI: found 8 devices
Jun  3 20:47:55 ip-172-31-44-201 kernel: [    1.520991] clocksource: acpi_pm: mask: 0xffffff max_cycles: 0xffffff, max_idle_ns: 2085701024 ns
Jun  3 20:47:55 ip-172-31-44-201 kernel: [    1.529604] NET: Registered PF_INET protocol family
Jun  3 20:47:55 ip-172-31-44-201 kernel: [    1.534332] IP idents hash table entries: 16384 (order: 5, 131072 bytes, linear)
Jun  3 20:47:55 ip-172-31-44-201 kernel: [    1.700359] tcp_listen_portaddr_hash hash table entries: 512 (order: 1, 8192 bytes, linear)
Jun  3 20:47:55 ip-172-31-44-201 kernel: [    1.706011] Table-perturb hash table entries: 65536 (order: 6, 262144 bytes, linear)
Jun  3 20:47:55 ip-172-31-44-201 kernel: [    1.710983] TCP established hash table entries: 8192 (order: 4, 65536 bytes, linear)
Jun  3 20:47:55 ip-172-31-44-201 kernel: [    1.715961] TCP bind hash table entries: 8192 (order: 5, 131072 bytes, linear)
Jun  3 20:47:55 ip-172-31-44-201 kernel: [    1.720455] TCP: Hash tables configured (established 8192 bind 8192)
Jun  3 20:47:55 ip-172-31-44-201 kernel: [    1.724678] MPTCP token hash table entries: 1024 (order: 2, 24576 bytes, linear)
Jun  3 20:47:55 ip-172-31-44-201 kernel: [    1.729927] UDP hash table entries: 512 (order: 2, 16384 bytes, linear)
Jun  3 20:47:55 ip-172-31-44-201 kernel: [    1.734190] UDP-Lite hash table entries: 512 (order: 2, 16384 bytes, linear)
Jun  3 20:47:55 ip-172-31-44-201 kernel: [    1.738713] NET: Registered PF_UNIX/PF_LOCAL protocol family
Jun  3 20:47:55 ip-172-31-44-201 kernel: [    1.743803] NET: Registered PF_XDP protocol family
Jun  3 20:47:55 ip-172-31-44-201 kernel: [    1.747874] pci_bus 0000:00: resource 4 [io  0x0000-0x0cf7 window]
Jun  3 20:47:55 ip-172-31-44-201 kernel: [    1.752271] pci_bus 0000:00: resource 5 [io  0x0d00-0xffff window]
Jun  3 20:47:55 ip-172-31-44-201 kernel: [    1.756673] pci_bus 0000:00: resource 6 [mem 0x000a0000-0x000bffff window]
Jun  3 20:47:55 ip-172-31-44-201 kernel: [    1.762261] pci_bus 0000:00: resource 7 [mem 0xf0000000-0xfbffffff window]
Jun  3 20:47:55 ip-172-31-44-201 kernel: [    1.767311] pci 0000:00:01.0: PIIX3: Enabling Passive Release
Jun  3 20:47:55 ip-172-31-44-201 kernel: [    1.770964] pci 0000:00:00.0: Limiting direct PCI/PCI transfers
Jun  3 20:47:55 ip-172-31-44-201 kernel: [    1.775245] pci 0000:00:01.0: Activating ISA DMA hang workarounds
Jun  3 20:47:55 ip-172-31-44-201 kernel: [    1.780579] PCI: CLS 0 bytes, default 64
Jun  3 20:47:55 ip-172-31-44-201 kernel: [    1.784400] Trying to unpack rootfs image as initramfs...
Jun  3 20:47:55 ip-172-31-44-201 kernel: [    1.788549] clocksource: tsc: mask: 0xffffffffffffffff max_cycles: 0x22983f10a64, max_idle_ns: 440795218721 ns
Jun  3 20:47:55 ip-172-31-44-201 kernel: [    1.798295] Freeing initrd memory: 6776K
Jun  3 20:47:55 ip-172-31-44-201 kernel: [    1.801548] Initialise system trusted keyrings
Jun  3 20:47:55 ip-172-31-44-201 kernel: [    1.804793] Key type blacklist registered
Jun  3 20:47:55 ip-172-31-44-201 kernel: [    1.807586] workingset: timestamp_bits=36 max_order=18 bucket_order=0
Jun  3 20:47:55 ip-172-31-44-201 kernel: [    1.813130] zbud: loaded
Jun  3 20:47:55 ip-172-31-44-201 kernel: [    1.815451] squashfs: version 4.0 (2009/01/31) Phillip Lougher
Jun  3 20:47:55 ip-172-31-44-201 kernel: [    1.819317] fuse: init (API version 7.36)
Jun  3 20:47:55 ip-172-31-44-201 kernel: [    1.822136] integrity: Platform Keyring initialized
Jun  3 20:47:55 ip-172-31-44-201 kernel: [    1.825328] integrity: Machine keyring initialized
Jun  3 20:47:55 ip-172-31-44-201 kernel: [    1.839010] Key type asymmetric registered
Jun  3 20:47:55 ip-172-31-44-201 kernel: [    1.841781] Asymmetric key parser 'x509' registered
Jun  3 20:47:55 ip-172-31-44-201 kernel: [    1.845328] alg: self-tests for CTR-KDF (hmac(sha256)) passed
Jun  3 20:47:55 ip-172-31-44-201 kernel: [    1.848981] Block layer SCSI generic (bsg) driver version 0.4 loaded (major 243)
Jun  3 20:47:55 ip-172-31-44-201 kernel: [    1.854048] io scheduler mq-deadline registered
Jun  3 20:47:55 ip-172-31-44-201 kernel: [    1.857290] shpchp: Standard Hot Plug PCI Controller Driver version: 0.4
Jun  3 20:47:55 ip-172-31-44-201 kernel: [    1.861699] input: Power Button as /devices/LNXSYSTM:00/LNXPWRBN:00/input/input0
Jun  3 20:47:55 ip-172-31-44-201 kernel: [    1.866415] ACPI: button: Power Button [PWRF]
Jun  3 20:47:55 ip-172-31-44-201 kernel: [    1.869375] input: Sleep Button as /devices/LNXSYSTM:00/LNXSLPBN:00/input/input1
Jun  3 20:47:55 ip-172-31-44-201 kernel: [    1.874406] ACPI: button: Sleep Button [SLPF]
Jun  3 20:47:55 ip-172-31-44-201 kernel: [    1.882621] xen: --> pirq=22 -> irq=28 (gsi=28)
Jun  3 20:47:55 ip-172-31-44-201 kernel: [    1.882785] xen:grant_table: Grant tables using version 1 layout
Jun  3 20:47:55 ip-172-31-44-201 kernel: [    1.886822] Grant table initialized
Jun  3 20:47:55 ip-172-31-44-201 kernel: [    1.889431] Cannot get hvm parameter CONSOLE_EVTCHN (18): -22!
Jun  3 20:47:55 ip-172-31-44-201 kernel: [    1.893290] Serial: 8250/16550 driver, 4 ports, IRQ sharing enabled
Jun  3 20:47:55 ip-172-31-44-201 kernel: [    1.927410] 00:06: ttyS0 at I/O 0x3f8 (irq = 4, base_baud = 115200) is a 16550A
Jun  3 20:47:55 ip-172-31-44-201 kernel: [    1.942282] Linux agpgart interface v0.103
Jun  3 20:47:55 ip-172-31-44-201 kernel: [    1.948456] loop: module loaded
Jun  3 20:47:55 ip-172-31-44-201 kernel: [    1.951817] Invalid max_queues (4), will use default max: 1.
Jun  3 20:47:55 ip-172-31-44-201 kernel: [    1.959250] ata_piix 0000:00:01.1: version 2.13
Jun  3 20:47:55 ip-172-31-44-201 kernel: [    1.960245] scsi host0: ata_piix
Jun  3 20:47:55 ip-172-31-44-201 kernel: [    1.964010] scsi host1: ata_piix
Jun  3 20:47:55 ip-172-31-44-201 kernel: [    1.967479] ata1: PATA max MWDMA2 cmd 0x1f0 ctl 0x3f6 bmdma 0xc100 irq 14
Jun  3 20:47:55 ip-172-31-44-201 kernel: [    1.973873] ata2: PATA max MWDMA2 cmd 0x170 ctl 0x376 bmdma 0xc108 irq 15
Jun  3 20:47:55 ip-172-31-44-201 kernel: [    1.982841] tun: Universal TUN/TAP device driver, 1.6
Jun  3 20:47:55 ip-172-31-44-201 kernel: [    1.987874] PPP generic driver version 2.4.2
Jun  3 20:47:55 ip-172-31-44-201 kernel: [    1.992260] xen_netfront: Initialising Xen virtual ethernet driver
Jun  3 20:47:55 ip-172-31-44-201 kernel: [    2.001863] VFIO - User Level meta-driver version: 0.3
Jun  3 20:47:55 ip-172-31-44-201 kernel: [    2.014403] ehci_hcd: USB 2.0 'Enhanced' Host Controller (EHCI) Driver
Jun  3 20:47:55 ip-172-31-44-201 kernel: [    2.020952] ehci-pci: EHCI PCI platform driver
Jun  3 20:47:55 ip-172-31-44-201 kernel: [    2.025659] ehci-platform: EHCI generic platform driver
Jun  3 20:47:55 ip-172-31-44-201 kernel: [    2.031084] ohci_hcd: USB 1.1 'Open' Host Controller (OHCI) Driver
Jun  3 20:47:55 ip-172-31-44-201 kernel: [    2.037351] ohci-pci: OHCI PCI platform driver
Jun  3 20:47:55 ip-172-31-44-201 kernel: [    2.041818] ohci-platform: OHCI generic platform driver
Jun  3 20:47:55 ip-172-31-44-201 kernel: [    2.046937] uhci_hcd: USB Universal Host Controller Interface driver
Jun  3 20:47:55 ip-172-31-44-201 kernel: [    2.052647] i8042: PNP: PS/2 Controller [PNP0303:PS2K,PNP0f13:PS2M] at 0x60,0x64 irq 1,12
Jun  3 20:47:55 ip-172-31-44-201 kernel: [    2.063856] serio: i8042 KBD port at 0x60,0x64 irq 1
Jun  3 20:47:55 ip-172-31-44-201 kernel: [    2.068606] serio: i8042 AUX port at 0x60,0x64 irq 12
Jun  3 20:47:55 ip-172-31-44-201 kernel: [    2.073956] mousedev: PS/2 mouse device common for all mice
Jun  3 20:47:55 ip-172-31-44-201 kernel: [    2.081570] input: AT Translated Set 2 keyboard as /devices/platform/i8042/serio0/input/input2
Jun  3 20:47:55 ip-172-31-44-201 kernel: [    2.091922] rtc_cmos 00:02: registered as rtc0
Jun  3 20:47:55 ip-172-31-44-201 kernel: [    2.095671] rtc_cmos 00:02: setting system clock to 2023-06-03T20:47:44 UTC (1685825264)
Jun  3 20:47:55 ip-172-31-44-201 kernel: [    2.102530] rtc_cmos 00:02: alarms up to one day, 114 bytes nvram, hpet irqs
Jun  3 20:47:55 ip-172-31-44-201 kernel: [    2.108000] i2c_dev: i2c /dev entries driver
Jun  3 20:47:55 ip-172-31-44-201 kernel: [    2.111455] device-mapper: core: CONFIG_IMA_DISABLE_HTABLE is disabled. Duplicate IMA measurements will not be recorded in the IMA log.
Jun  3 20:47:55 ip-172-31-44-201 kernel: [    2.120344] device-mapper: uevent: version 1.0.3
Jun  3 20:47:55 ip-172-31-44-201 kernel: [    2.124287] device-mapper: ioctl: 4.47.0-ioctl (2022-07-28) initialised: dm-devel@redhat.com
Jun  3 20:47:55 ip-172-31-44-201 kernel: [    2.130599] platform eisa.0: Probing EISA bus 0
Jun  3 20:47:55 ip-172-31-44-201 kernel: [    2.134272] platform eisa.0: EISA: Cannot allocate resource for mainboard
Jun  3 20:47:55 ip-172-31-44-201 kernel: [    2.141094] platform eisa.0: Cannot allocate resource for EISA slot 1
Jun  3 20:47:55 ip-172-31-44-201 kernel: [    2.146157] platform eisa.0: Cannot allocate resource for EISA slot 2
Jun  3 20:47:55 ip-172-31-44-201 kernel: [    2.151439] platform eisa.0: Cannot allocate resource for EISA slot 3
Jun  3 20:47:55 ip-172-31-44-201 kernel: [    2.156527] platform eisa.0: Cannot allocate resource for EISA slot 4
Jun  3 20:47:55 ip-172-31-44-201 kernel: [    2.162390] platform eisa.0: Cannot allocate resource for EISA slot 5
Jun  3 20:47:55 ip-172-31-44-201 kernel: [    2.169058] platform eisa.0: Cannot allocate resource for EISA slot 6
Jun  3 20:47:55 ip-172-31-44-201 kernel: [    2.175669] platform eisa.0: Cannot allocate resource for EISA slot 7
Jun  3 20:47:55 ip-172-31-44-201 kernel: [    2.182454] platform eisa.0: Cannot allocate resource for EISA slot 8
Jun  3 20:47:55 ip-172-31-44-201 kernel: [    2.188920] platform eisa.0: EISA: Detected 0 cards
Jun  3 20:47:55 ip-172-31-44-201 kernel: [    2.194822] intel_pstate: CPU model not supported
Jun  3 20:47:55 ip-172-31-44-201 kernel: [    2.201191] ledtrig-cpu: registered to indicate activity on CPUs
Jun  3 20:47:55 ip-172-31-44-201 kernel: [    2.209232] drop_monitor: Initializing network drop monitor service
Jun  3 20:47:55 ip-172-31-44-201 kernel: [    2.216998] blkfront: xvda: barrier or flush: disabled; persistent grants: disabled; indirect descriptors: enabled; bounce buffer: disabled;
Jun  3 20:47:55 ip-172-31-44-201 kernel: [    2.240378] NET: Registered PF_INET6 protocol family
Jun  3 20:47:55 ip-172-31-44-201 kernel: [    2.245581] Segment Routing with IPv6
Jun  3 20:47:55 ip-172-31-44-201 kernel: [    2.251065] In-situ OAM (IOAM) with IPv6
Jun  3 20:47:55 ip-172-31-44-201 kernel: [    2.256596] NET: Registered PF_PACKET protocol family
Jun  3 20:47:55 ip-172-31-44-201 kernel: [    2.263261] Key type dns_resolver registered
Jun  3 20:47:55 ip-172-31-44-201 kernel: [    2.269221] resctrl: L3 allocation detected
Jun  3 20:47:55 ip-172-31-44-201 kernel: [    2.274902] IPI shorthand broadcast: enabled
Jun  3 20:47:55 ip-172-31-44-201 kernel: [    2.280557] sched_clock: Marking stable (1695931712, 583484864)->(2466327095, -186910519)
Jun  3 20:47:55 ip-172-31-44-201 kernel: [    2.290992] registered taskstats version 1
Jun  3 20:47:55 ip-172-31-44-201 kernel: [    2.296017] Loading compiled-in X.509 certificates
Jun  3 20:47:55 ip-172-31-44-201 kernel: [    2.302184] Loaded X.509 cert 'Build time autogenerated kernel key: 70c70b50a4d58d499ffed2a11567d7675625e6bf'
Jun  3 20:47:55 ip-172-31-44-201 kernel: [    2.314049] Loaded X.509 cert 'Canonical Ltd. Live Patch Signing: 14df34d1a87cf37625abec039ef2bf521249b969'
Jun  3 20:47:55 ip-172-31-44-201 kernel: [    2.325169]  xvda: xvda1 xvda14 xvda15
Jun  3 20:47:55 ip-172-31-44-201 kernel: [    2.331535] Loaded X.509 cert 'Canonical Ltd. Kernel Module Signing: 88f752e560a1e0737e31163a466ad7b70a850c19'
Jun  3 20:47:55 ip-172-31-44-201 kernel: [    2.344577] blacklist: Loading compiled-in revocation X.509 certificates
Jun  3 20:47:55 ip-172-31-44-201 kernel: [    2.353700] Loaded X.509 cert 'Canonical Ltd. Secure Boot Signing: 61482aa2830d0ab2ad5af10b7250da9033ddcef0'
Jun  3 20:47:55 ip-172-31-44-201 kernel: [    2.361991] Loaded X.509 cert 'Canonical Ltd. Secure Boot Signing (2017): 242ade75ac4a15e50d50c84b0d45ff3eae707a03'
Jun  3 20:47:55 ip-172-31-44-201 kernel: [    2.370729] Loaded X.509 cert 'Canonical Ltd. Secure Boot Signing (ESM 2018): 365188c1d374d6b07c3c8f240f8ef722433d6a8b'
Jun  3 20:47:55 ip-172-31-44-201 kernel: [    2.379957] Loaded X.509 cert 'Canonical Ltd. Secure Boot Signing (2019): c0746fd6c5da3ae827864651ad66ae47fe24b3e8'
Jun  3 20:47:55 ip-172-31-44-201 kernel: [    2.388829] Loaded X.509 cert 'Canonical Ltd. Secure Boot Signing (2021 v1): a8d54bbb3825cfb94fa13c9f8a594a195c107b8d'
Jun  3 20:47:55 ip-172-31-44-201 kernel: [    2.401769] Loaded X.509 cert 'Canonical Ltd. Secure Boot Signing (2021 v2): 4cf046892d6fd3c9a5b03f98d845f90851dc6a8c'
Jun  3 20:47:55 ip-172-31-44-201 kernel: [    2.415038] Loaded X.509 cert 'Canonical Ltd. Secure Boot Signing (2021 v3): 100437bb6de6e469b581e61cd66bce3ef4ed53af'
Jun  3 20:47:55 ip-172-31-44-201 kernel: [    2.427985] Loaded X.509 cert 'Canonical Ltd. Secure Boot Signing (Ubuntu Core 2019): c1d57b8f6b743f23ee41f4f7ee292f06eecadfb9'
Jun  3 20:47:55 ip-172-31-44-201 kernel: [    2.442720] zswap: loaded using pool lzo/zbud
Jun  3 20:47:55 ip-172-31-44-201 kernel: [    2.448958] Key type .fscrypt registered
Jun  3 20:47:55 ip-172-31-44-201 kernel: [    2.454650] Key type fscrypt-provisioning registered
Jun  3 20:47:55 ip-172-31-44-201 kernel: [    2.460897] Key type encrypted registered
Jun  3 20:47:55 ip-172-31-44-201 kernel: [    2.465622] AppArmor: AppArmor sha1 policy hashing enabled
Jun  3 20:47:55 ip-172-31-44-201 kernel: [    2.471905] ima: No TPM chip found, activating TPM-bypass!
Jun  3 20:47:55 ip-172-31-44-201 kernel: [    2.478538] Loading compiled-in module X.509 certificates
Jun  3 20:47:55 ip-172-31-44-201 kernel: [    2.485942] Loaded X.509 cert 'Build time autogenerated kernel key: 70c70b50a4d58d499ffed2a11567d7675625e6bf'
Jun  3 20:47:55 ip-172-31-44-201 kernel: [    2.497620] ima: Allocated hash algorithm: sha1
Jun  3 20:47:55 ip-172-31-44-201 kernel: [    2.503338] ima: No architecture policies found
Jun  3 20:47:55 ip-172-31-44-201 kernel: [    2.509093] evm: Initialising EVM extended attributes:
Jun  3 20:47:55 ip-172-31-44-201 kernel: [    2.515277] evm: security.selinux
Jun  3 20:47:55 ip-172-31-44-201 kernel: [    2.519610] evm: security.SMACK64
Jun  3 20:47:55 ip-172-31-44-201 kernel: [    2.524050] evm: security.SMACK64EXEC
Jun  3 20:47:55 ip-172-31-44-201 kernel: [    2.528708] evm: security.SMACK64TRANSMUTE
Jun  3 20:47:55 ip-172-31-44-201 kernel: [    2.533514] evm: security.SMACK64MMAP
Jun  3 20:47:55 ip-172-31-44-201 kernel: [    2.537917] evm: security.apparmor
Jun  3 20:47:55 ip-172-31-44-201 kernel: [    2.542467] evm: security.ima
Jun  3 20:47:55 ip-172-31-44-201 kernel: [    2.546686] evm: security.capability
Jun  3 20:47:55 ip-172-31-44-201 kernel: [    2.550990] evm: HMAC attrs: 0x1
Jun  3 20:47:55 ip-172-31-44-201 kernel: [    2.556304] PM:   Magic number: 11:582:800
Jun  3 20:47:55 ip-172-31-44-201 kernel: [    2.561545] RAS: Correctable Errors collector initialized.
Jun  3 20:47:55 ip-172-31-44-201 kernel: [    2.569417] md: Waiting for all devices to be available before autodetect
Jun  3 20:47:55 ip-172-31-44-201 kernel: [    2.574457] md: If you don't use raid, use raid=noautodetect
Jun  3 20:47:55 ip-172-31-44-201 kernel: [    2.578767] md: Autodetecting RAID arrays.
Jun  3 20:47:55 ip-172-31-44-201 kernel: [    2.582151] md: autorun ...
Jun  3 20:47:55 ip-172-31-44-201 kernel: [    2.585204] md: ... autorun DONE.
Jun  3 20:47:55 ip-172-31-44-201 kernel: [    2.592220] EXT4-fs (xvda1): mounted filesystem with ordered data mode. Quota mode: none.
Jun  3 20:47:55 ip-172-31-44-201 kernel: [    2.599846] VFS: Mounted root (ext4 filesystem) readonly on device 202:1.
Jun  3 20:47:55 ip-172-31-44-201 kernel: [    2.606627] devtmpfs: mounted
Jun  3 20:47:55 ip-172-31-44-201 kernel: [    2.611010] Freeing unused decrypted memory: 2036K
Jun  3 20:47:55 ip-172-31-44-201 kernel: [    2.616121] Freeing unused kernel image (initmem) memory: 3280K
Jun  3 20:47:55 ip-172-31-44-201 kernel: [    2.623260] Write protecting the kernel read-only data: 32768k
Jun  3 20:47:55 ip-172-31-44-201 kernel: [    2.628326] Freeing unused kernel image (text/rodata gap) memory: 2036K
Jun  3 20:47:55 ip-172-31-44-201 kernel: [    2.634040] Freeing unused kernel image (rodata/data gap) memory: 952K
Jun  3 20:47:55 ip-172-31-44-201 kernel: [    2.690300] x86/mm: Checked W+X mappings: passed, no W+X pages found.
Jun  3 20:47:55 ip-172-31-44-201 kernel: [    2.696465] x86/mm: Checking user space page tables
Jun  3 20:47:55 ip-172-31-44-201 kernel: [    2.949471] x86/mm: Checked W+X mappings: passed, no W+X pages found.
Jun  3 20:47:55 ip-172-31-44-201 kernel: [    2.955756] Run /sbin/init as init process
Jun  3 20:47:55 ip-172-31-44-201 kernel: [    2.959750]   with arguments:
Jun  3 20:47:55 ip-172-31-44-201 kernel: [    2.959753]     /sbin/init
Jun  3 20:47:55 ip-172-31-44-201 kernel: [    2.959754]   with environment:
Jun  3 20:47:55 ip-172-31-44-201 kernel: [    2.959755]     HOME=/
Jun  3 20:47:55 ip-172-31-44-201 kernel: [    2.959756]     TERM=linux
Jun  3 20:47:55 ip-172-31-44-201 kernel: [    2.959757]     BOOT_IMAGE=/boot/vmlinuz-5.19.0-1025-aws
Jun  3 20:47:55 ip-172-31-44-201 kernel: [    3.099685] systemd[1]: Inserted module 'autofs4'
Jun  3 20:47:55 ip-172-31-44-201 kernel: [    3.125813] systemd[1]: systemd 249.11-0ubuntu3.9 running in system mode (+PAM +AUDIT +SELINUX +APPARMOR +IMA +SMACK +SECCOMP +GCRYPT +GNUTLS +OPENSSL +ACL +BLKID +CURL +ELFUTILS +FIDO2 +IDN2 -IDN +IPTC +KMOD +LIBCRYPTSETUP +LIBFDISK +PCRE2 -PWQUALITY -P11KIT -QRENCODE +BZIP2 +LZ4 +XZ +ZLIB +ZSTD -XKBCOMMON +UTMP +SYSVINIT default-hierarchy=unified)
Jun  3 20:47:55 ip-172-31-44-201 kernel: [    3.152735] systemd[1]: Detected virtualization xen.
Jun  3 20:47:55 ip-172-31-44-201 kernel: [    3.158062] systemd[1]: Detected architecture x86-64.
Jun  3 20:47:55 ip-172-31-44-201 kernel: [    3.169549] systemd[1]: Hostname set to <ubuntu>.
Jun  3 20:47:55 ip-172-31-44-201 kernel: [    3.177998] systemd[1]: Initializing machine ID from random generator.
Jun  3 20:47:55 ip-172-31-44-201 kernel: [    3.184814] systemd[1]: Installed transient /etc/machine-id file.
Jun  3 20:47:55 ip-172-31-44-201 kernel: [    3.512290] systemd[1]: Queued start job for default target Graphical Interface.
Jun  3 20:47:55 ip-172-31-44-201 kernel: [    3.517941] systemd[1]: Created slice Slice /system/modprobe.
Jun  3 20:47:55 ip-172-31-44-201 kernel: [    3.524747] systemd[1]: Created slice Slice /system/serial-getty.
Jun  3 20:47:55 ip-172-31-44-201 kernel: [    3.533179] systemd[1]: Created slice Slice /system/systemd-fsck.
Jun  3 20:47:55 ip-172-31-44-201 kernel: [    3.541092] systemd[1]: Created slice User and Session Slice.
Jun  3 20:47:55 ip-172-31-44-201 kernel: [    3.548634] systemd[1]: Started Forward Password Requests to Wall Directory Watch.
Jun  3 20:47:55 ip-172-31-44-201 kernel: [    3.558577] systemd[1]: Set up automount Arbitrary Executable File Formats File System Automount Point.
Jun  3 20:47:55 ip-172-31-44-201 kernel: [    3.569638] systemd[1]: Reached target Slice Units.
Jun  3 20:47:55 ip-172-31-44-201 kernel: [    3.576141] systemd[1]: Reached target Mounting snaps.
Jun  3 20:47:55 ip-172-31-44-201 kernel: [    3.582548] systemd[1]: Reached target Swaps.
Jun  3 20:47:55 ip-172-31-44-201 kernel: [    3.587873] systemd[1]: Reached target System Time Set.
Jun  3 20:47:55 ip-172-31-44-201 kernel: [    3.594234] systemd[1]: Reached target Local Verity Protected Volumes.
Jun  3 20:47:55 ip-172-31-44-201 kernel: [    3.602904] systemd[1]: Listening on Device-mapper event daemon FIFOs.
Jun  3 20:47:55 ip-172-31-44-201 kernel: [    3.608900] systemd[1]: Listening on LVM2 poll daemon socket.
Jun  3 20:47:55 ip-172-31-44-201 kernel: [    3.614307] systemd[1]: Listening on multipathd control socket.
Jun  3 20:47:55 ip-172-31-44-201 kernel: [    3.620344] systemd[1]: Listening on Syslog Socket.
Jun  3 20:47:55 ip-172-31-44-201 kernel: [    3.626693] systemd[1]: Listening on fsck to fsckd communication Socket.
Jun  3 20:47:55 ip-172-31-44-201 kernel: [    3.635997] systemd[1]: Listening on initctl Compatibility Named Pipe.
Jun  3 20:47:55 ip-172-31-44-201 kernel: [    3.645532] systemd[1]: Listening on Journal Audit Socket.
Jun  3 20:47:55 ip-172-31-44-201 kernel: [    3.653964] systemd[1]: Listening on Journal Socket (/dev/log).
Jun  3 20:47:55 ip-172-31-44-201 kernel: [    3.662586] systemd[1]: Listening on Journal Socket.
Jun  3 20:47:55 ip-172-31-44-201 kernel: [    3.670065] systemd[1]: Listening on Network Service Netlink Socket.
Jun  3 20:47:55 ip-172-31-44-201 kernel: [    3.679153] systemd[1]: Listening on udev Control Socket.
Jun  3 20:47:55 ip-172-31-44-201 kernel: [    3.687254] systemd[1]: Listening on udev Kernel Socket.
Jun  3 20:47:55 ip-172-31-44-201 kernel: [    3.696344] systemd[1]: Mounting Huge Pages File System...
Jun  3 20:47:55 ip-172-31-44-201 kernel: [    3.708388] systemd[1]: Mounting POSIX Message Queue File System...
Jun  3 20:47:55 ip-172-31-44-201 kernel: [    3.721243] systemd[1]: Mounting Kernel Debug File System...
Jun  3 20:47:55 ip-172-31-44-201 kernel: [    3.731825] systemd[1]: Mounting Kernel Trace File System...
Jun  3 20:47:55 ip-172-31-44-201 kernel: [    3.743806] systemd[1]: Starting Journal Service...
Jun  3 20:47:55 ip-172-31-44-201 kernel: [    3.759346] systemd[1]: Starting Set the console keyboard layout...
Jun  3 20:47:55 ip-172-31-44-201 kernel: [    3.776358] systemd[1]: Starting Create List of Static Device Nodes...
Jun  3 20:47:55 ip-172-31-44-201 kernel: [    3.798721] systemd[1]: Starting Monitoring of LVM2 mirrors, snapshots etc. using dmeventd or progress polling...
Jun  3 20:47:55 ip-172-31-44-201 kernel: [    3.831377] systemd[1]: Condition check resulted in LXD - agent being skipped.
Jun  3 20:47:55 ip-172-31-44-201 kernel: [    3.840564] systemd[1]: Starting Load Kernel Module chromeos_pstore...
Jun  3 20:47:55 ip-172-31-44-201 kernel: [    3.860520] systemd[1]: Starting Load Kernel Module configfs...
Jun  3 20:47:55 ip-172-31-44-201 kernel: [    3.879367] systemd[1]: Starting Load Kernel Module drm...
Jun  3 20:47:55 ip-172-31-44-201 kernel: [    3.918789] systemd[1]: Starting Load Kernel Module efi_pstore...
Jun  3 20:47:55 ip-172-31-44-201 kernel: [    3.929256] systemd[1]: Starting Load Kernel Module fuse...
Jun  3 20:47:55 ip-172-31-44-201 kernel: [    3.937863] ACPI: bus type drm_connector registered
Jun  3 20:47:55 ip-172-31-44-201 kernel: [    3.940575] systemd[1]: Starting Load Kernel Module pstore_blk...
Jun  3 20:47:55 ip-172-31-44-201 kernel: [    3.949442] systemd[1]: Starting Load Kernel Module pstore_zone...
Jun  3 20:47:55 ip-172-31-44-201 kernel: [    3.957752] systemd[1]: Starting Load Kernel Module ramoops...
Jun  3 20:47:55 ip-172-31-44-201 kernel: [    3.964797] systemd[1]: Condition check resulted in OpenVSwitch configuration for cleanup being skipped.
Jun  3 20:47:55 ip-172-31-44-201 kernel: [    3.969717] systemd[1]: Starting File System Check on Root Device...
Jun  3 20:47:55 ip-172-31-44-201 kernel: [    3.980993] systemd[1]: Starting Load Kernel Modules...
Jun  3 20:47:55 ip-172-31-44-201 kernel: [    3.994395] systemd[1]: Starting Coldplug All udev Devices...
Jun  3 20:47:55 ip-172-31-44-201 kernel: [    4.009830] systemd[1]: Started Journal Service.
Jun  3 20:47:55 ip-172-31-44-201 kernel: [    4.219268] EXT4-fs (xvda1): re-mounted. Quota mode: none.
Jun  3 20:47:55 ip-172-31-44-201 kernel: [    4.270897] systemd-journald[163]: Received client request to flush runtime journal.
Jun  3 20:47:55 ip-172-31-44-201 kernel: [    4.270978] alua: device handler registered
Jun  3 20:47:55 ip-172-31-44-201 kernel: [    4.275887] emc: device handler registered
Jun  3 20:47:55 ip-172-31-44-201 kernel: [    4.278462] rdac: device handler registered
Jun  3 20:47:55 ip-172-31-44-201 kernel: [    4.685490] FDC 0 is a S82078B
Jun  3 20:47:55 ip-172-31-44-201 kernel: [    4.905691] cryptd: max_cpu_qlen set to 1000
Jun  3 20:47:55 ip-172-31-44-201 kernel: [    4.930831] AVX2 version of gcm_enc/dec engaged.
Jun  3 20:47:55 ip-172-31-44-201 kernel: [    4.930855] AES CTR mode by8 optimization enabled
Jun  3 20:47:55 ip-172-31-44-201 kernel: [    5.278687] loop0: detected capacity change from 0 to 49944
Jun  3 20:47:55 ip-172-31-44-201 kernel: [    5.289577] loop1: detected capacity change from 0 to 113944
Jun  3 20:47:55 ip-172-31-44-201 kernel: [    5.303004] loop2: detected capacity change from 0 to 129712
Jun  3 20:47:55 ip-172-31-44-201 kernel: [    5.314819] loop3: detected capacity change from 0 to 229272
Jun  3 20:47:55 ip-172-31-44-201 kernel: [    5.327447] loop4: detected capacity change from 0 to 109032
Jun  3 20:47:55 ip-172-31-44-201 kernel: [    5.663367] audit: type=1400 audit(1685825268.064:2): apparmor="STATUS" operation="profile_load" profile="unconfined" name="lsb_release" pid=307 comm="apparmor_parser"
Jun  3 20:47:55 ip-172-31-44-201 kernel: [    5.731066] audit: type=1400 audit(1685825268.128:3): apparmor="STATUS" operation="profile_load" profile="unconfined" name="nvidia_modprobe" pid=311 comm="apparmor_parser"
Jun  3 20:47:55 ip-172-31-44-201 kernel: [    5.731907] audit: type=1400 audit(1685825268.132:4): apparmor="STATUS" operation="profile_load" profile="unconfined" name="nvidia_modprobe//kmod" pid=311 comm="apparmor_parser"
Jun  3 20:47:55 ip-172-31-44-201 kernel: [    5.938315] input: ImExPS/2 Generic Explorer Mouse as /devices/platform/i8042/serio1/input/input4
Jun  3 20:47:55 ip-172-31-44-201 kernel: [    5.959902] audit: type=1400 audit(1685825268.360:5): apparmor="STATUS" operation="profile_load" profile="unconfined" name="/usr/lib/NetworkManager/nm-dhcp-client.action" pid=312 comm="apparmor_parser"
Jun  3 20:47:55 ip-172-31-44-201 kernel: [    5.960853] audit: type=1400 audit(1685825268.360:6): apparmor="STATUS" operation="profile_load" profile="unconfined" name="/usr/lib/NetworkManager/nm-dhcp-helper" pid=312 comm="apparmor_parser"
Jun  3 20:47:55 ip-172-31-44-201 kernel: [    5.961875] audit: type=1400 audit(1685825268.360:7): apparmor="STATUS" operation="profile_load" profile="unconfined" name="/usr/lib/connman/scripts/dhclient-script" pid=312 comm="apparmor_parser"
Jun  3 20:47:55 ip-172-31-44-201 kernel: [    5.963437] audit: type=1400 audit(1685825268.364:8): apparmor="STATUS" operation="profile_load" profile="unconfined" name="/{,usr/}sbin/dhclient" pid=312 comm="apparmor_parser"
Jun  3 20:47:55 ip-172-31-44-201 kernel: [    6.057496] audit: type=1400 audit(1685825268.456:9): apparmor="STATUS" operation="profile_load" profile="unconfined" name="/usr/bin/man" pid=313 comm="apparmor_parser"
Jun  3 20:47:55 ip-172-31-44-201 kernel: [    6.058245] audit: type=1400 audit(1685825268.456:10): apparmor="STATUS" operation="profile_load" profile="unconfined" name="man_filter" pid=313 comm="apparmor_parser"
Jun  3 20:47:55 ip-172-31-44-201 kernel: [    6.059168] audit: type=1400 audit(1685825268.456:11): apparmor="STATUS" operation="profile_load" profile="unconfined" name="man_groff" pid=313 comm="apparmor_parser"
Jun  3 20:47:55 ip-172-31-44-201 kernel: [    6.180386] audit: type=1400 audit(1685825268.580:12): apparmor="STATUS" operation="profile_load" profile="unconfined" name="tcpdump" pid=314 comm="apparmor_parser"
Jun  3 20:47:55 ip-172-31-44-201 kernel: [    6.422179] audit: type=1400 audit(1685825268.820:13): apparmor="STATUS" operation="profile_load" profile="unconfined" name="/usr/lib/snapd/snap-confine" pid=315 comm="apparmor_parser"
Jun  3 20:47:55 ip-172-31-44-201 kernel: [    6.422856] audit: type=1400 audit(1685825268.820:14): apparmor="STATUS" operation="profile_load" profile="unconfined" name="/usr/lib/snapd/snap-confine//mount-namespace-capture-helper" pid=315 comm="apparmor_parser"
Jun  3 20:47:55 ip-172-31-44-201 kernel: [   11.095630] kauditd_printk_skb: 21 callbacks suppressed
Jun  3 20:47:55 ip-172-31-44-201 kernel: [   11.095633] audit: type=1400 audit(1685825273.496:36): apparmor="STATUS" operation="profile_load" profile="unconfined" name="snap.lxd.user-daemon" pid=394 comm="apparmor_parser"
Jun  3 20:47:55 ip-172-31-44-201 rsyslogd: imuxsock: Acquired UNIX socket '/run/systemd/journal/syslog' (fd 3) from systemd.  [v8.2112.0]
Jun  3 20:47:55 ip-172-31-44-201 rsyslogd: rsyslogd's groupid changed to 111
Jun  3 20:47:55 ip-172-31-44-201 rsyslogd: rsyslogd's userid changed to 104
Jun  3 20:47:55 ip-172-31-44-201 rsyslogd: [origin software="rsyslogd" swVersion="8.2112.0" x-pid="484" x-info="https://www.rsyslog.com"] start
Jun  3 20:47:55 ip-172-31-44-201 systemd[1]: Started System Logging Service.
Jun  3 20:47:55 ip-172-31-44-201 apport[444]:  * Starting automatic crash report generation: apport
Jun  3 20:47:55 ip-172-31-44-201 systemd[1]: Reached target System Time Synchronized.
Jun  3 20:47:55 ip-172-31-44-201 apport[444]:    ...done.
Jun  3 20:47:55 ip-172-31-44-201 systemd[1]: Started Daily apt download activities.
Jun  3 20:47:55 ip-172-31-44-201 pollinate[479]: client sent challenge to [https://entropy.ubuntu.com/]
Jun  3 20:47:55 ip-172-31-44-201 networkd-dispatcher[476]: No valid path found for iwconfig
Jun  3 20:47:55 ip-172-31-44-201 networkd-dispatcher[476]: No valid path found for iw
Jun  3 20:47:55 ip-172-31-44-201 systemd[1]: Started Daily apt upgrade and clean activities.
Jun  3 20:47:55 ip-172-31-44-201 systemd[1]: Started Daily dpkg database backup timer.
Jun  3 20:47:55 ip-172-31-44-201 systemd[1]: Started Periodic ext4 Online Metadata Check for All Filesystems.
Jun  3 20:47:55 ip-172-31-44-201 systemd[1]: Started Discard unused blocks once a week.
Jun  3 20:47:55 ip-172-31-44-201 systemd[1]: Started Daily rotation of log files.
Jun  3 20:47:55 ip-172-31-44-201 systemd[1]: Started Daily man-db regeneration.
Jun  3 20:47:55 ip-172-31-44-201 systemd[1]: Started Message of the Day.
Jun  3 20:47:55 ip-172-31-44-201 systemd[1]: Condition check resulted in Timer to automatically fetch and run repair assertions being skipped.
Jun  3 20:47:55 ip-172-31-44-201 systemd[1]: Started Check to see whether there is a new version of Ubuntu available.
Jun  3 20:47:56 ip-172-31-44-201 systemd[1]: Reached target Timer Units.
Jun  3 20:47:56 ip-172-31-44-201 systemd[1]: Starting GRUB failed boot detection...
Jun  3 20:47:56 ip-172-31-44-201 systemd[1]: Starting Hold until boot process finishes up...
Jun  3 20:47:56 ip-172-31-44-201 systemd[1]: Starting Terminate Plymouth Boot Screen...
Jun  3 20:47:56 ip-172-31-44-201 systemd[1]: Starting Hostname Service...
Jun  3 20:47:56 ip-172-31-44-201 systemd[1]: Started Dispatcher daemon for systemd-networkd.
Jun  3 20:47:56 ip-172-31-44-201 systemd[1]: Started LSB: automatic crash report generation.
Jun  3 20:47:56 ip-172-31-44-201 systemd[1]: Finished Hold until boot process finishes up.
Jun  3 20:47:56 ip-172-31-44-201 systemd[1]: Finished Terminate Plymouth Boot Screen.
Jun  3 20:47:56 ip-172-31-44-201 systemd[1]: grub-initrd-fallback.service: Deactivated successfully.
Jun  3 20:47:56 ip-172-31-44-201 systemd[1]: Finished GRUB failed boot detection.
Jun  3 20:47:56 ip-172-31-44-201 systemd[1]: Started User Login Management.
Jun  3 20:47:56 ip-172-31-44-201 systemd[1]: Started Serial Getty on ttyS0.
Jun  3 20:47:56 ip-172-31-44-201 systemd[1]: Starting Set console scheme...
Jun  3 20:47:56 ip-172-31-44-201 systemd[1]: Started Unattended Upgrades Shutdown.
Jun  3 20:47:56 ip-172-31-44-201 systemd[1]: Finished Set console scheme.
Jun  3 20:47:56 ip-172-31-44-201 systemd[1]: ec2-instance-connect.service: Deactivated successfully.
Jun  3 20:47:56 ip-172-31-44-201 systemd[1]: Finished EC2 Instance Connect Host Key Harvesting.
Jun  3 20:47:56 ip-172-31-44-201 dbus-daemon[449]: [system] Successfully activated service 'org.freedesktop.hostname1'
Jun  3 20:47:56 ip-172-31-44-201 dbus-daemon[449]: [system] Activating via systemd: service name='org.freedesktop.PolicyKit1' unit='polkit.service' requested by ':1.8' (uid=0 pid=627 comm="/lib/systemd/systemd-hostnamed " label="unconfined")
Jun  3 20:47:56 ip-172-31-44-201 systemd[1]: Created slice Slice /system/getty.
Jun  3 20:47:56 ip-172-31-44-201 systemd[1]: Started Getty on tty1.
Jun  3 20:47:56 ip-172-31-44-201 systemd[1]: Reached target Login Prompts.
Jun  3 20:47:56 ip-172-31-44-201 systemd[1]: Started Hostname Service.
Jun  3 20:47:56 ip-172-31-44-201 systemd[1]: Starting Authorization Manager...
Jun  3 20:47:56 ip-172-31-44-201 polkitd[634]: started daemon version 0.105 using authority implementation `local' version `0.105'
Jun  3 20:47:56 ip-172-31-44-201 dbus-daemon[449]: [system] Successfully activated service 'org.freedesktop.PolicyKit1'
Jun  3 20:47:56 ip-172-31-44-201 systemd[1]: Started Authorization Manager.
Jun  3 20:47:56 ip-172-31-44-201 systemd-hostnamed[627]: Hostname set to <ip-172-31-44-201> (static)
Jun  3 20:47:56 ip-172-31-44-201 pollinate[479]: client verified challenge/response with [https://entropy.ubuntu.com/]
Jun  3 20:47:56 ip-172-31-44-201 pollinate[479]: client hashed response from [https://entropy.ubuntu.com/]
Jun  3 20:47:56 ip-172-31-44-201 pollinate[479]: client successfully seeded [/dev/urandom]
Jun  3 20:47:56 ip-172-31-44-201 systemd[1]: pollinate.service: Deactivated successfully.
Jun  3 20:47:56 ip-172-31-44-201 systemd[1]: Finished Pollinate to seed the pseudo random number generator.
Jun  3 20:47:56 ip-172-31-44-201 systemd[1]: Starting OpenBSD Secure Shell server...
